Archive member included to satisfy reference by file (symbol)

C:\Users\Martin\Desktop\Curso UTN Fabri\curso-lse\lpc845\ejemplos\freertos\Debug\libfreertos.a(queue.o)
                              ./source/Proyecto_Integrador_Cabrera_Alvarez-Mollo.o (xQueueGenericCreate)
C:\Users\Martin\Desktop\Curso UTN Fabri\curso-lse\lpc845\ejemplos\freertos\Debug\libfreertos.a(tasks.o)
                              ./source/Proyecto_Integrador_Cabrera_Alvarez-Mollo.o (xTaskCreate)
C:\Users\Martin\Desktop\Curso UTN Fabri\curso-lse\lpc845\ejemplos\freertos\Debug\libfreertos.a(heap_2.o)
                              C:\Users\Martin\Desktop\Curso UTN Fabri\curso-lse\lpc845\ejemplos\freertos\Debug\libfreertos.a(queue.o) (pvPortMalloc)
C:\Users\Martin\Desktop\Curso UTN Fabri\curso-lse\lpc845\ejemplos\freertos\Debug\libfreertos.a(list.o)
                              C:\Users\Martin\Desktop\Curso UTN Fabri\curso-lse\lpc845\ejemplos\freertos\Debug\libfreertos.a(queue.o) (vListInitialise)
C:\Users\Martin\Desktop\Curso UTN Fabri\curso-lse\lpc845\ejemplos\freertos\Debug\libfreertos.a(port.o)
                              C:\Users\Martin\Desktop\Curso UTN Fabri\curso-lse\lpc845\ejemplos\freertos\Debug\libfreertos.a(tasks.o) (pxPortInitialiseStack)
C:/nxp/MCUXpressoIDE_11.10.0_3148/ide/plugins/com.nxp.mcuxpresso.tools.win32_11.10.0.202311280810/tools/bin/../lib/gcc/arm-none-eabi/13.2.1/../../../../arm-none-eabi/lib/thumb/v6-m/nofp\libcr_semihost_nf.a(_cr__main.o)
                              ./startup/startup_lpc845.o (__main)
C:/nxp/MCUXpressoIDE_11.10.0_3148/ide/plugins/com.nxp.mcuxpresso.tools.win32_11.10.0.202311280810/tools/bin/../lib/gcc/arm-none-eabi/13.2.1/../../../../arm-none-eabi/lib/thumb/v6-m/nofp\libcr_c.a(memcpy.o)
                              ./utilities/fsl_str.o (memcpy)
C:/nxp/MCUXpressoIDE_11.10.0_3148/ide/plugins/com.nxp.mcuxpresso.tools.win32_11.10.0.202311280810/tools/bin/../lib/gcc/arm-none-eabi/13.2.1/../../../../arm-none-eabi/lib/thumb/v6-m/nofp\libcr_c.a(memset.o)
                              ./source/Proyecto_Integrador_Cabrera_Alvarez-Mollo.o (memset)
C:/nxp/MCUXpressoIDE_11.10.0_3148/ide/plugins/com.nxp.mcuxpresso.tools.win32_11.10.0.202311280810/tools/bin/../lib/gcc/arm-none-eabi/13.2.1/../../../../arm-none-eabi/lib/thumb/v6-m/nofp\libcr_c.a(alloc.o)
                              ./drivers/fsl_common.o (malloc)
C:/nxp/MCUXpressoIDE_11.10.0_3148/ide/plugins/com.nxp.mcuxpresso.tools.win32_11.10.0.202311280810/tools/bin/../lib/gcc/arm-none-eabi/13.2.1/../../../../arm-none-eabi/lib/thumb/v6-m/nofp\libcr_c.a(errno.o)
                              ./utilities/fsl_str.o (errno)
C:/nxp/MCUXpressoIDE_11.10.0_3148/ide/plugins/com.nxp.mcuxpresso.tools.win32_11.10.0.202311280810/tools/bin/../lib/gcc/arm-none-eabi/13.2.1/../../../../arm-none-eabi/lib/thumb/v6-m/nofp\libcr_c.a(initio.o)
                              C:/nxp/MCUXpressoIDE_11.10.0_3148/ide/plugins/com.nxp.mcuxpresso.tools.win32_11.10.0.202311280810/tools/bin/../lib/gcc/arm-none-eabi/13.2.1/../../../../arm-none-eabi/lib/thumb/v6-m/nofp\libcr_semihost_nf.a(_cr__main.o) (_initio)
C:/nxp/MCUXpressoIDE_11.10.0_3148/ide/plugins/com.nxp.mcuxpresso.tools.win32_11.10.0.202311280810/tools/bin/../lib/gcc/arm-none-eabi/13.2.1/../../../../arm-none-eabi/lib/thumb/v6-m/nofp\libcr_c.a(printf.o)
                              ./utilities/fsl_assert.o (_printf)
C:/nxp/MCUXpressoIDE_11.10.0_3148/ide/plugins/com.nxp.mcuxpresso.tools.win32_11.10.0.202311280810/tools/bin/../lib/gcc/arm-none-eabi/13.2.1/../../../../arm-none-eabi/lib/thumb/v6-m/nofp\libcr_c.a(scanf.o)
                              ./utilities/fsl_str.o (strtoul)
C:/nxp/MCUXpressoIDE_11.10.0_3148/ide/plugins/com.nxp.mcuxpresso.tools.win32_11.10.0.202311280810/tools/bin/../lib/gcc/arm-none-eabi/13.2.1/../../../../arm-none-eabi/lib/thumb/v6-m/nofp\libcr_c.a(setvbuf.o)
                              C:/nxp/MCUXpressoIDE_11.10.0_3148/ide/plugins/com.nxp.mcuxpresso.tools.win32_11.10.0.202311280810/tools/bin/../lib/gcc/arm-none-eabi/13.2.1/../../../../arm-none-eabi/lib/thumb/v6-m/nofp\libcr_c.a(initio.o) (setvbuf)
C:/nxp/MCUXpressoIDE_11.10.0_3148/ide/plugins/com.nxp.mcuxpresso.tools.win32_11.10.0.202311280810/tools/bin/../lib/gcc/arm-none-eabi/13.2.1/../../../../arm-none-eabi/lib/thumb/v6-m/nofp\libcr_c.a(strlen.o)
                              ./utilities/fsl_str.o (strlen)
C:/nxp/MCUXpressoIDE_11.10.0_3148/ide/plugins/com.nxp.mcuxpresso.tools.win32_11.10.0.202311280810/tools/bin/../lib/gcc/arm-none-eabi/13.2.1/../../../../arm-none-eabi/lib/thumb/v6-m/nofp\libcr_c.a(ungetc.o)
                              C:/nxp/MCUXpressoIDE_11.10.0_3148/ide/plugins/com.nxp.mcuxpresso.tools.win32_11.10.0.202311280810/tools/bin/../lib/gcc/arm-none-eabi/13.2.1/../../../../arm-none-eabi/lib/thumb/v6-m/nofp\libcr_c.a(scanf.o) (ungetc)
[...]
Memory Configuration

Name             Origin             Length             Attributes
PROGRAM_FLASH    0x00000000         0x00010000         xr
SRAM             0x10000000         0x00003fe0         xrw
IAP_SRAM         0x10003fe0         0x00000020         xrw
*default*        0x00000000         0xffffffff

Linker script and memory map

LOAD ./utilities/fsl_assert.o
LOAD ./utilities/fsl_debug_console.o
LOAD ./utilities/fsl_str.o
LOAD ./startup/startup_lpc845.o
LOAD ./source/Proyecto_Integrador_Cabrera_Alvarez-Mollo.o
LOAD ./source/mtb.o
LOAD ./source/semihost_hardfault.o
LOAD ./drivers/fsl_adc.o
LOAD ./drivers/fsl_clock.o
LOAD ./drivers/fsl_common.o
LOAD ./drivers/fsl_common_arm.o
LOAD ./drivers/fsl_gpio.o
LOAD ./drivers/fsl_i2c.o
LOAD ./drivers/fsl_power.o
LOAD ./drivers/fsl_reset.o
LOAD ./drivers/fsl_sctimer.o
LOAD ./drivers/fsl_swm.o
LOAD ./drivers/fsl_usart.o
LOAD ./device/system_LPC845.o
LOAD ./component/uart/fsl_adapter_miniusart.o
LOAD ./board/board.o
LOAD ./board/clock_config.o
LOAD ./board/peripherals.o
LOAD ./board/pin_mux.o
LOAD C:\Users\Martin\Desktop\Curso UTN Fabri\curso-lse\lpc845\ejemplos\freertos\Debug\libfreertos.a
START GROUP
LOAD C:/nxp/MCUXpressoIDE_11.10.0_3148/ide/plugins/com.nxp.mcuxpresso.tools.win32_11.10.0.202311280810/tools/bin/../lib/gcc/arm-none-eabi/13.2.1/../../../../arm-none-eabi/lib/thumb/v6-m/nofp\libcr_semihost_nf.a
LOAD C:/nxp/MCUXpressoIDE_11.10.0_3148/ide/plugins/com.nxp.mcuxpresso.tools.win32_11.10.0.202311280810/tools/bin/../lib/gcc/arm-none-eabi/13.2.1/../../../../arm-none-eabi/lib/thumb/v6-m/nofp\libcr_c.a
LOAD C:/nxp/MCUXpressoIDE_11.10.0_3148/ide/plugins/com.nxp.mcuxpresso.tools.win32_11.10.0.202311280810/tools/bin/../lib/gcc/arm-none-eabi/13.2.1/thumb/v6-m/nofp\libcr_eabihelpers.a
LOAD C:/nxp/MCUXpressoIDE_11.10.0_3148/ide/plugins/com.nxp.mcuxpresso.tools.win32_11.10.0.202311280810/tools/bin/../lib/gcc/arm-none-eabi/13.2.1/thumb/v6-m/nofp\libgcc.a
END GROUP
                0x00000000                        __base_PROGRAM_FLASH = 0x0
                0x00000000                        __base_Flash = 0x0
                0x00010000                        __top_PROGRAM_FLASH = 0x10000
                0x00010000                        __top_Flash = 0x10000
                0x10000000                        __base_SRAM = 0x10000000
                0x10000000                        __base_RAM = 0x10000000
                0x10003fe0                        __top_SRAM = 0x10003fe0
                0x10003fe0                        __top_RAM = 0x10003fe0
                0x10003fe0                        __base_IAP_SRAM = 0x10003fe0
                0x10003fe0                        __base_RAM2 = 0x10003fe0
                0x10004000                        __top_IAP_SRAM = 0x10004000
                0x10004000                        __top_RAM2 = 0x10004000

.text           0x00000000     0x7c60
 FILL mask 0xff
                0x00000000                        __vectors_start__ = ABSOLUTE (.)
 *(SORT_BY_ALIGNMENT(.isr_vector))
 .isr_vector    0x00000000       0xc0 ./startup/startup_lpc845.o
                0x00000000                g_pfnVectors
                0x00000000                __Vectors
                0x000000c0                        . = ALIGN (0x4)
                0x000000c0                        __section_table_start = .
                0x000000c0                        __data_section_table = .
                0x000000c0        0x4 LONG 0x7c60 LOADADDR (.data)
                0x000000c4        0x4 LONG 0x10000080 ADDR (.data)
                0x000000c8        0x4 LONG 0xc SIZEOF (.data)
                0x000000cc        0x4 LONG 0x7c60 LOADADDR (.data_RAM2)
                0x000000d0        0x4 LONG 0x10003fe0 ADDR (.data_RAM2)
                0x000000d4        0x4 LONG 0x0 SIZEOF (.data_RAM2)
                0x000000d8                        __data_section_table_end = .
                0x000000d8                        __bss_section_table = .
                0x000000d8        0x4 LONG 0x1000008c ADDR (.bss)
                0x000000dc        0x4 LONG 0x12a4 SIZEOF (.bss)
                0x000000e0        0x4 LONG 0x10003fe0 ADDR (.bss_RAM2)
                0x000000e4        0x4 LONG 0x0 SIZEOF (.bss_RAM2)
                0x000000e8                        __bss_section_table_end = .
                0x000000e8                        __section_table_end = .
 *(SORT_BY_ALIGNMENT(.after_vectors*))
 .after_vectors.reset
                0x000000e8       0x54 ./startup/startup_lpc845.o
                0x000000e8                ResetISR
 .after_vectors.init_data
                0x0000013c       0x12 ./startup/startup_lpc845.o
                0x0000013c                data_init
 .after_vectors.init_bss
                0x0000014e       0x10 ./startup/startup_lpc845.o
                0x0000014e                bss_init
 .after_vectors
                0x0000015e      0x10c ./startup/startup_lpc845.o
                0x0000015e                NMI_Handler
                0x00000168                ADC0_OVR_DriverIRQHandler
                0x00000168                CTIMER0_DriverIRQHandler
                0x00000168                DMA0_DriverIRQHandler
                0x00000168                SPI1_DriverIRQHandler
                0x00000168                ADC0_SEQB_DriverIRQHandler
                0x00000168                PIN_INT1_DriverIRQHandler
                0x00000168                WDT_DriverIRQHandler
                0x00000168                FLASH_DriverIRQHandler
                0x00000168                I2C3_DriverIRQHandler
                0x00000168                CMP_CAPT_DriverIRQHandler
                0x00000168                PIN_INT3_DriverIRQHandler
                0x00000168                PIN_INT5_DAC1_DriverIRQHandler
                0x00000168                PIN_INT2_DriverIRQHandler
                0x00000168                Reserved22_DriverIRQHandler
                0x00000168                PIN_INT0_DriverIRQHandler
                0x00000168                SPI0_DriverIRQHandler
                0x00000168                BOD_DriverIRQHandler
                0x00000168                IntDefaultHandler
                0x00000168                ADC0_SEQA_DriverIRQHandler
                0x00000168                WKT_DriverIRQHandler
                0x00000168                DAC0_DriverIRQHandler
                0x00000168                MRT0_DriverIRQHandler
                0x00000168                PIN_INT4_DriverIRQHandler
                0x00000168                ADC0_THCMP_DriverIRQHandler
                0x0000016a                SPI0_IRQHandler
                0x00000172                SPI1_IRQHandler
                0x0000017a                DAC0_IRQHandler
                0x00000182                USART0_IRQHandler
                0x0000018a                USART1_IRQHandler
                0x00000192                USART2_IRQHandler
                0x0000019a                Reserved22_IRQHandler
                0x000001a2                I2C1_IRQHandler
                0x000001aa                I2C0_IRQHandler
                0x000001b2                SCT0_IRQHandler
                0x000001ba                MRT0_IRQHandler
                0x000001c2                CMP_CAPT_IRQHandler
                0x000001ca                WDT_IRQHandler
                0x000001d2                BOD_IRQHandler
                0x000001da                FLASH_IRQHandler
                0x000001e2                WKT_IRQHandler
                0x000001ea                ADC0_SEQA_IRQHandler
                0x000001f2                ADC0_SEQB_IRQHandler
                0x000001fa                ADC0_THCMP_IRQHandler
                0x00000202                ADC0_OVR_IRQHandler
                0x0000020a                DMA0_IRQHandler
                0x00000212                I2C2_IRQHandler
                0x0000021a                I2C3_IRQHandler
                0x00000222                CTIMER0_IRQHandler
                0x0000022a                PIN_INT0_IRQHandler
                0x00000232                PIN_INT1_IRQHandler
                0x0000023a                PIN_INT2_IRQHandler
                0x00000242                PIN_INT3_IRQHandler
                0x0000024a                PIN_INT4_IRQHandler
                0x00000252                PIN_INT5_DAC1_IRQHandler
                0x0000025a                PIN_INT6_USART3_IRQHandler
                0x00000262                PIN_INT7_USART4_IRQHandler
                0x000002fc                        . = 0x2fc
 *fill*         0x0000026a       0x92 ff
                0x000002fc                        PROVIDE (__CRP_WORD_START__ = .)
 *(SORT_BY_ALIGNMENT(.crp))
 .crp           0x000002fc        0x4 ./startup/startup_lpc845.o
                0x000002fc                CRP_WORD
                0x00000300                        PROVIDE (__CRP_WORD_END__ = .)
                0x00000001                        ASSERT (! ((__CRP_WORD_START__ == __CRP_WORD_END__)), Linker CRP Enabled, but no CRP_WORD provided within application)
 *(SORT_BY_ALIGNMENT(.text*))
 .text.vPortStartFirstTask
                0x00000300       0x38 C:\Users\Martin\Desktop\Curso UTN Fabri\curso-lse\lpc845\ejemplos\freertos\Debug\libfreertos.a(port.o)
 *fill*         0x00000338        0x8 ff
 .text.PendSV_Handler
                0x00000340       0x48 C:\Users\Martin\Desktop\Curso UTN Fabri\curso-lse\lpc845\ejemplos\freertos\Debug\libfreertos.a(port.o)
                0x00000340                PendSV_Handler
 .text.__assertion_failed
                0x00000388       0x34 ./utilities/fsl_assert.o
                0x00000388                __assertion_failed
 .text.CLOCK_EnableClock
                0x000003bc       0x54 ./source/Proyecto_Integrador_Cabrera_Alvarez-Mollo.o
 .text.CLOCK_DisableClock
                0x00000410       0x58 ./source/Proyecto_Integrador_Cabrera_Alvarez-Mollo.o
 .text.CLOCK_Select
                0x00000468       0x38 ./source/Proyecto_Integrador_Cabrera_Alvarez-Mollo.o
 .text.CLOCK_SetClkDivider
                0x000004a0       0x30 ./source/Proyecto_Integrador_Cabrera_Alvarez-Mollo.o
 .text.CLOCK_GetClkDivider
                0x000004d0       0x2c ./source/Proyecto_Integrador_Cabrera_Alvarez-Mollo.o
 .text.SCTIMER_StartTimer
                0x000004fc       0xe4 ./source/Proyecto_Integrador_Cabrera_Alvarez-Mollo.o
 .text.POWER_DisablePD
                0x000005e0       0x2c ./source/Proyecto_Integrador_Cabrera_Alvarez-Mollo.o
 .text.main     0x0000060c       0xe0 ./source/Proyecto_Integrador_Cabrera_Alvarez-Mollo.o
                0x0000060c                main
 .text.task_button
                0x000006ec       0x54 ./source/Proyecto_Integrador_Cabrera_Alvarez-Mollo.o
                0x000006ec                task_button
 .text.task_display
                0x00000740       0xc4 ./source/Proyecto_Integrador_Cabrera_Alvarez-Mollo.o
                0x00000740                task_display
 .text.task_measure_light
                0x00000804       0xb4 ./source/Proyecto_Integrador_Cabrera_Alvarez-Mollo.o
                0x00000804                task_measure_light
 .text.task_change_setpoint
                0x000008b8       0x7c ./source/Proyecto_Integrador_Cabrera_Alvarez-Mollo.o
                0x000008b8                task_change_setpoint
 .text.task_print_information
                0x00000934       0x88 ./source/Proyecto_Integrador_Cabrera_Alvarez-Mollo.o
                0x00000934                task_print_information
 .text.task_change_blue_led_intensity
                0x000009bc       0x84 ./source/Proyecto_Integrador_Cabrera_Alvarez-Mollo.o
                0x000009bc                task_change_blue_led_intensity
 .text.i2c_init
                0x00000a40       0xd8 ./source/Proyecto_Integrador_Cabrera_Alvarez-Mollo.o
                0x00000a40                i2c_init
 .text.adc_init
                0x00000b18       0xc0 ./source/Proyecto_Integrador_Cabrera_Alvarez-Mollo.o
                0x00000b18                adc_init
 .text.display_init
                0x00000bd8       0x8c ./source/Proyecto_Integrador_Cabrera_Alvarez-Mollo.o
                0x00000bd8                display_init
 .text.buttons_init
                0x00000c64       0x58 ./source/Proyecto_Integrador_Cabrera_Alvarez-Mollo.o
                0x00000c64                buttons_init
 .text.pwm_init
                0x00000cbc       0x98 ./source/Proyecto_Integrador_Cabrera_Alvarez-Mollo.o
                0x00000cbc                pwm_init
 .text.display_write
                0x00000d54       0x94 ./source/Proyecto_Integrador_Cabrera_Alvarez-Mollo.o
                0x00000d54                display_write
 .text.HardFault_Handler
                0x00000de8       0x38 ./source/semihost_hardfault.o
                0x00000de8                HardFault_Handler
 .text.CLOCK_EnableClock
                0x00000e20       0x54 ./drivers/fsl_adc.o
 .text.ADC_GetInstance
                0x00000e74       0x48 ./drivers/fsl_adc.o
 .text.ADC_Init
                0x00000ebc       0xa8 ./drivers/fsl_adc.o
                0x00000ebc                ADC_Init
 .text.ADC_DoSelfCalibration
                0x00000f64       0xb4 ./drivers/fsl_adc.o
                0x00000f64                ADC_DoSelfCalibration
 .text.ADC_SetConvSeqAConfig
                0x00001018       0x94 ./drivers/fsl_adc.o
                0x00001018                ADC_SetConvSeqAConfig
 .text.ADC_GetChannelConversionResult
                0x000010ac       0xa4 ./drivers/fsl_adc.o
                0x000010ac                ADC_GetChannelConversionResult
 .text.CLOCK_GetCoreSysClkFreq
                0x00001150       0x24 ./drivers/fsl_clock.o
 .text.CLOCK_GetSystemPLLFreq
                0x00001174       0x20 ./drivers/fsl_clock.o
 .text.CLOCK_GetWdtOscFreq
                0x00001194       0x14 ./drivers/fsl_clock.o
 .text.CLOCK_GetExtClkFreq
                0x000011a8       0x14 ./drivers/fsl_clock.o
 .text.CLOCK_UpdateClkSrc
                0x000011bc       0x4c ./drivers/fsl_clock.o
 .text.CLOCK_GetFRG0ClkFreq
                0x00001208       0x64 ./drivers/fsl_clock.o
                0x00001208                CLOCK_GetFRG0ClkFreq
 .text.CLOCK_GetFRG1ClkFreq
                0x0000126c       0x64 ./drivers/fsl_clock.o
                0x0000126c                CLOCK_GetFRG1ClkFreq
 .text.CLOCK_GetMainClkFreq
                0x000012d0       0x78 ./drivers/fsl_clock.o
                0x000012d0                CLOCK_GetMainClkFreq
 .text.CLOCK_GetFroFreq
                0x00001348       0x78 ./drivers/fsl_clock.o
                0x00001348                CLOCK_GetFroFreq
 .text.CLOCK_GetFreq
                0x000013c0       0x90 ./drivers/fsl_clock.o
                0x000013c0                CLOCK_GetFreq
 .text.CLOCK_GetSystemPLLInClockRate
                0x00001450       0x64 ./drivers/fsl_clock.o
                0x00001450                CLOCK_GetSystemPLLInClockRate
 .text.CLOCK_SetMainClkSrc
                0x000014b4       0x9c ./drivers/fsl_clock.o
                0x000014b4                CLOCK_SetMainClkSrc
 .text.CLOCK_SetFroOutClkSrc
                0x00001550       0x48 ./drivers/fsl_clock.o
                0x00001550                CLOCK_SetFroOutClkSrc
 .text.SDK_DelayAtLeastUs
                0x00001598       0x78 ./drivers/fsl_common_arm.o
                0x00001598                SDK_DelayAtLeastUs
 .text.CLOCK_EnableClock
                0x00001610       0x54 ./drivers/fsl_gpio.o
 .text.GPIO_EnablePortClock
                0x00001664       0x38 ./drivers/fsl_gpio.o
 .text.GPIO_PortInit
                0x0000169c       0x30 ./drivers/fsl_gpio.o
                0x0000169c                GPIO_PortInit
 .text.CLOCK_EnableClock
                0x000016cc       0x54 ./drivers/fsl_i2c.o
 .text.I2C_GetInstance
                0x00001720       0x4c ./drivers/fsl_i2c.o
                0x00001720                I2C_GetInstance
 .text.I2C_MasterGetDefaultConfig
                0x0000176c       0x34 ./drivers/fsl_i2c.o
                0x0000176c                I2C_MasterGetDefaultConfig
 .text.I2C_MasterInit
                0x000017a0       0x64 ./drivers/fsl_i2c.o
                0x000017a0                I2C_MasterInit
 .text.I2C_MasterStart
                0x00001804       0x54 ./drivers/fsl_i2c.o
                0x00001804                I2C_MasterStart
 .text.I2C_MasterStop
                0x00001858       0x30 ./drivers/fsl_i2c.o
                0x00001858                I2C_MasterStop
 .text.I2C_MasterWriteBlocking
                0x00001888      0x114 ./drivers/fsl_i2c.o
                0x00001888                I2C_MasterWriteBlocking
 .text.I2C_MasterReadBlocking
                0x0000199c       0xf4 ./drivers/fsl_i2c.o
                0x0000199c                I2C_MasterReadBlocking
 .text.I2C_TransferCommonIRQHandler
                0x00001a90       0x40 ./drivers/fsl_i2c.o
 .text.I2C0_DriverIRQHandler
                0x00001ad0       0x20 ./drivers/fsl_i2c.o
                0x00001ad0                I2C0_DriverIRQHandler
 .text.I2C1_DriverIRQHandler
                0x00001af0       0x20 ./drivers/fsl_i2c.o
                0x00001af0                I2C1_DriverIRQHandler
 .text.I2C2_DriverIRQHandler
                0x00001b10       0x20 ./drivers/fsl_i2c.o
                0x00001b10                I2C2_DriverIRQHandler
 .text.RESET_SetPeripheralReset
                0x00001b30       0x70 ./drivers/fsl_reset.o
                0x00001b30                RESET_SetPeripheralReset
 .text.RESET_ClearPeripheralReset
                0x00001ba0       0x6c ./drivers/fsl_reset.o
                0x00001ba0                RESET_ClearPeripheralReset
 .text.CLOCK_EnableClock
                0x00001c0c       0x54 ./drivers/fsl_sctimer.o
 .text.SCTIMER_StartTimer
                0x00001c60       0xe4 ./drivers/fsl_sctimer.o
 .text.SCTIMER_StopTimer
                0x00001d44       0xe0 ./drivers/fsl_sctimer.o
 .text.SCTIMER_SetupOutputSetAction
                0x00001e24       0x48 ./drivers/fsl_sctimer.o
 .text.SCTIMER_SetupOutputClearAction
                0x00001e6c       0x4c ./drivers/fsl_sctimer.o
 .text.SCTIMER_SetupCounterLimitAction
                0x00001eb8       0xc4 ./drivers/fsl_sctimer.o
 .text.SCTIMER_GetInstance
                0x00001f7c       0x50 ./drivers/fsl_sctimer.o
 .text.SCTIMER_Init
                0x00001fcc      0x148 ./drivers/fsl_sctimer.o
                0x00001fcc                SCTIMER_Init
 .text.SCTIMER_GetDefaultConfig
                0x00002114       0x64 ./drivers/fsl_sctimer.o
                0x00002114                SCTIMER_GetDefaultConfig
 .text.SCTIMER_SetupPwm
                0x00002178      0x2dc ./drivers/fsl_sctimer.o
                0x00002178                SCTIMER_SetupPwm
 .text.SCTIMER_UpdatePwmDutycycle
                0x00002454      0x19c ./drivers/fsl_sctimer.o
                0x00002454                SCTIMER_UpdatePwmDutycycle
 .text.SCTIMER_CreateAndScheduleEvent
                0x000025f0      0x248 ./drivers/fsl_sctimer.o
                0x000025f0                SCTIMER_CreateAndScheduleEvent
 .text.SCTIMER_EventHandleIRQ
                0x00002838       0x74 ./drivers/fsl_sctimer.o
                0x00002838                SCTIMER_EventHandleIRQ
 .text.SCT0_DriverIRQHandler
                0x000028ac       0x1c ./drivers/fsl_sctimer.o
                0x000028ac                SCT0_DriverIRQHandler
 .text.SWM_SetMovablePinSelect
                0x000028c8       0x98 ./drivers/fsl_swm.o
                0x000028c8                SWM_SetMovablePinSelect
 .text.SWM_SetFixedPinSelect
                0x00002960       0xa0 ./drivers/fsl_swm.o
                0x00002960                SWM_SetFixedPinSelect
 .text.USART0_DriverIRQHandler
                0x00002a00       0x24 ./drivers/fsl_usart.o
                0x00002a00                USART0_DriverIRQHandler
 .text.USART1_DriverIRQHandler
                0x00002a24       0x24 ./drivers/fsl_usart.o
                0x00002a24                USART1_DriverIRQHandler
 .text.USART2_DriverIRQHandler
                0x00002a48       0x24 ./drivers/fsl_usart.o
                0x00002a48                USART2_DriverIRQHandler
 .text.PIN_INT6_USART3_DriverIRQHandler
                0x00002a6c       0x24 ./drivers/fsl_usart.o
                0x00002a6c                PIN_INT6_USART3_DriverIRQHandler
 .text.PIN_INT7_USART4_DriverIRQHandler
                0x00002a90       0x24 ./drivers/fsl_usart.o
                0x00002a90                PIN_INT7_USART4_DriverIRQHandler
 .text.SystemInit
                0x00002ab4       0x2c ./device/system_LPC845.o
                0x00002ab4                SystemInit
 .text.CLOCK_Select
                0x00002ae0       0x38 ./board/clock_config.o
 .text.CLOCK_SetCoreSysClkDiv
                0x00002b18       0x3c ./board/clock_config.o
 .text.CLOCK_SetFroOscFreq
                0x00002b54       0x24 ./board/clock_config.o
 .text.POWER_DisablePD
                0x00002b78       0x2c ./board/clock_config.o
 .text.BOARD_BootClockFRO18M
                0x00002ba4       0x58 ./board/clock_config.o
                0x00002ba4                BOARD_BootClockFRO18M
 .text.BOARD_BootClockFRO30M
                0x00002bfc       0x58 ./board/clock_config.o
                0x00002bfc                BOARD_BootClockFRO30M
 .text.prvInitialiseNewTask
                0x00002c54      0x104 C:\Users\Martin\Desktop\Curso UTN Fabri\curso-lse\lpc845\ejemplos\freertos\Debug\libfreertos.a(tasks.o)
 .text.prvAddNewTaskToReadyList
                0x00002d58      0x11c C:\Users\Martin\Desktop\Curso UTN Fabri\curso-lse\lpc845\ejemplos\freertos\Debug\libfreertos.a(tasks.o)
 .text.vTaskDelay
                0x00002e74       0x4c C:\Users\Martin\Desktop\Curso UTN Fabri\curso-lse\lpc845\ejemplos\freertos\Debug\libfreertos.a(tasks.o)
                0x00002e74                vTaskDelay
 .text.vTaskStartScheduler
                0x00002ec0       0x74 C:\Users\Martin\Desktop\Curso UTN Fabri\curso-lse\lpc845\ejemplos\freertos\Debug\libfreertos.a(tasks.o)
                0x00002ec0                vTaskStartScheduler
 .text.vTaskSuspendAll
                0x00002f34       0x18 C:\Users\Martin\Desktop\Curso UTN Fabri\curso-lse\lpc845\ejemplos\freertos\Debug\libfreertos.a(tasks.o)
                0x00002f34                vTaskSuspendAll
 .text.prvGetExpectedIdleTime
                0x00002f4c       0x6c C:\Users\Martin\Desktop\Curso UTN Fabri\curso-lse\lpc845\ejemplos\freertos\Debug\libfreertos.a(tasks.o)
 .text.xTaskResumeAll
                0x00002fb8      0x1d4 C:\Users\Martin\Desktop\Curso UTN Fabri\curso-lse\lpc845\ejemplos\freertos\Debug\libfreertos.a(tasks.o)
                0x00002fb8                xTaskResumeAll
 .text.xTaskGetTickCount
                0x0000318c       0x1c C:\Users\Martin\Desktop\Curso UTN Fabri\curso-lse\lpc845\ejemplos\freertos\Debug\libfreertos.a(tasks.o)
                0x0000318c                xTaskGetTickCount
 .text.vTaskStepTick
                0x000031a8       0x84 C:\Users\Martin\Desktop\Curso UTN Fabri\curso-lse\lpc845\ejemplos\freertos\Debug\libfreertos.a(tasks.o)
                0x000031a8                vTaskStepTick
 .text.xTaskIncrementTick
                0x0000322c      0x218 C:\Users\Martin\Desktop\Curso UTN Fabri\curso-lse\lpc845\ejemplos\freertos\Debug\libfreertos.a(tasks.o)
                0x0000322c                xTaskIncrementTick
 .text.vTaskSwitchContext
                0x00003444       0xa4 C:\Users\Martin\Desktop\Curso UTN Fabri\curso-lse\lpc845\ejemplos\freertos\Debug\libfreertos.a(tasks.o)
                0x00003444                vTaskSwitchContext
 .text.vTaskPlaceOnEventList
                0x000034e8       0x40 C:\Users\Martin\Desktop\Curso UTN Fabri\curso-lse\lpc845\ejemplos\freertos\Debug\libfreertos.a(tasks.o)
                0x000034e8                vTaskPlaceOnEventList
 .text.xTaskRemoveFromEventList
                0x00003528      0x19c C:\Users\Martin\Desktop\Curso UTN Fabri\curso-lse\lpc845\ejemplos\freertos\Debug\libfreertos.a(tasks.o)
                0x00003528                xTaskRemoveFromEventList
 .text.vTaskInternalSetTimeOutState
                0x000036c4       0x28 C:\Users\Martin\Desktop\Curso UTN Fabri\curso-lse\lpc845\ejemplos\freertos\Debug\libfreertos.a(tasks.o)
                0x000036c4                vTaskInternalSetTimeOutState
 .text.xTaskCheckForTimeOut
                0x000036ec       0xac C:\Users\Martin\Desktop\Curso UTN Fabri\curso-lse\lpc845\ejemplos\freertos\Debug\libfreertos.a(tasks.o)
                0x000036ec                xTaskCheckForTimeOut
 .text.vTaskMissedYield
                0x00003798       0x14 C:\Users\Martin\Desktop\Curso UTN Fabri\curso-lse\lpc845\ejemplos\freertos\Debug\libfreertos.a(tasks.o)
                0x00003798                vTaskMissedYield
 .text.prvIdleTask
                0x000037ac       0x64 C:\Users\Martin\Desktop\Curso UTN Fabri\curso-lse\lpc845\ejemplos\freertos\Debug\libfreertos.a(tasks.o)
 .text.eTaskConfirmSleepModeStatus
                0x00003810       0x78 C:\Users\Martin\Desktop\Curso UTN Fabri\curso-lse\lpc845\ejemplos\freertos\Debug\libfreertos.a(tasks.o)
                0x00003810                eTaskConfirmSleepModeStatus
 .text.prvInitialiseTaskLists
                0x00003888       0x88 C:\Users\Martin\Desktop\Curso UTN Fabri\curso-lse\lpc845\ejemplos\freertos\Debug\libfreertos.a(tasks.o)
 .text.prvCheckTasksWaitingTermination
                0x00003910       0x5c C:\Users\Martin\Desktop\Curso UTN Fabri\curso-lse\lpc845\ejemplos\freertos\Debug\libfreertos.a(tasks.o)
 .text.prvResetNextTaskUnblockTime
                0x0000396c       0x34 C:\Users\Martin\Desktop\Curso UTN Fabri\curso-lse\lpc845\ejemplos\freertos\Debug\libfreertos.a(tasks.o)
 .text.xTaskPriorityInherit
                0x000039a0      0x120 C:\Users\Martin\Desktop\Curso UTN Fabri\curso-lse\lpc845\ejemplos\freertos\Debug\libfreertos.a(tasks.o)
                0x000039a0                xTaskPriorityInherit
 .text.xTaskPriorityDisinherit
                0x00003ac0      0x108 C:\Users\Martin\Desktop\Curso UTN Fabri\curso-lse\lpc845\ejemplos\freertos\Debug\libfreertos.a(tasks.o)
                0x00003ac0                xTaskPriorityDisinherit
 .text.vTaskPriorityDisinheritAfterTimeout
                0x00003bc8      0x130 C:\Users\Martin\Desktop\Curso UTN Fabri\curso-lse\lpc845\ejemplos\freertos\Debug\libfreertos.a(tasks.o)
                0x00003bc8                vTaskPriorityDisinheritAfterTimeout
 .text.pvTaskIncrementMutexHeldCount
                0x00003cf8       0x24 C:\Users\Martin\Desktop\Curso UTN Fabri\curso-lse\lpc845\ejemplos\freertos\Debug\libfreertos.a(tasks.o)
                0x00003cf8                pvTaskIncrementMutexHeldCount
 .text.prvAddCurrentTaskToDelayedList
                0x00003d1c       0xdc C:\Users\Martin\Desktop\Curso UTN Fabri\curso-lse\lpc845\ejemplos\freertos\Debug\libfreertos.a(tasks.o)
 .text.pvPortMalloc
                0x00003df8      0x140 C:\Users\Martin\Desktop\Curso UTN Fabri\curso-lse\lpc845\ejemplos\freertos\Debug\libfreertos.a(heap_2.o)
                0x00003df8                pvPortMalloc
 .text.vPortFree
                0x00003f38       0xac C:\Users\Martin\Desktop\Curso UTN Fabri\curso-lse\lpc845\ejemplos\freertos\Debug\libfreertos.a(heap_2.o)
                0x00003f38                vPortFree
 .text.prvHeapInit
                0x00003fe4       0x50 C:\Users\Martin\Desktop\Curso UTN Fabri\curso-lse\lpc845\ejemplos\freertos\Debug\libfreertos.a(heap_2.o)
 .text.pxPortInitialiseStack
                0x00004034       0x54 C:\Users\Martin\Desktop\Curso UTN Fabri\curso-lse\lpc845\ejemplos\freertos\Debug\libfreertos.a(port.o)
                0x00004034                pxPortInitialiseStack
 .text.prvTaskExitError
                0x00004088       0x30 C:\Users\Martin\Desktop\Curso UTN Fabri\curso-lse\lpc845\ejemplos\freertos\Debug\libfreertos.a(port.o)
 .text.xPortStartScheduler
                0x000040b8       0x48 C:\Users\Martin\Desktop\Curso UTN Fabri\curso-lse\lpc845\ejemplos\freertos\Debug\libfreertos.a(port.o)
                0x000040b8                xPortStartScheduler
 .text.vPortYield
                0x00004100       0x20 C:\Users\Martin\Desktop\Curso UTN Fabri\curso-lse\lpc845\ejemplos\freertos\Debug\libfreertos.a(port.o)
                0x00004100                vPortYield
 .text.vPortEnterCritical
                0x00004120       0x24 C:\Users\Martin\Desktop\Curso UTN Fabri\curso-lse\lpc845\ejemplos\freertos\Debug\libfreertos.a(port.o)
                0x00004120                vPortEnterCritical
 .text.vPortExitCritical
                0x00004144       0x30 C:\Users\Martin\Desktop\Curso UTN Fabri\curso-lse\lpc845\ejemplos\freertos\Debug\libfreertos.a(port.o)
                0x00004144                vPortExitCritical
 .text.SysTick_Handler
                0x00004174       0x34 C:\Users\Martin\Desktop\Curso UTN Fabri\curso-lse\lpc845\ejemplos\freertos\Debug\libfreertos.a(port.o)
                0x00004174                SysTick_Handler
 .text.vPortSetupTimerInterrupt
                0x000041a8       0x84 C:\Users\Martin\Desktop\Curso UTN Fabri\curso-lse\lpc845\ejemplos\freertos\Debug\libfreertos.a(port.o)
                0x000041a8                vPortSetupTimerInterrupt
 .text.vPortSuppressTicksAndSleep
                0x0000422c      0x194 C:\Users\Martin\Desktop\Curso UTN Fabri\curso-lse\lpc845\ejemplos\freertos\Debug\libfreertos.a(port.o)
                0x0000422c                vPortSuppressTicksAndSleep
 .text.malloc   0x000043c0       0xd4 C:/nxp/MCUXpressoIDE_11.10.0_3148/ide/plugins/com.nxp.mcuxpresso.tools.win32_11.10.0.202311280810/tools/bin/../lib/gcc/arm-none-eabi/13.2.1/../../../../arm-none-eabi/lib/thumb/v6-m/nofp\libcr_c.a(alloc.o)
                0x000043c0                malloc
 .text._Csys_alloc
                0x00004494       0x20 C:/nxp/MCUXpressoIDE_11.10.0_3148/ide/plugins/com.nxp.mcuxpresso.tools.win32_11.10.0.202311280810/tools/bin/../lib/gcc/arm-none-eabi/13.2.1/../../../../arm-none-eabi/lib/thumb/v6-m/nofp\libcr_c.a(alloc.o)
                0x00004494                _Csys_alloc
 .text._initio  0x000044b4       0x7c C:/nxp/MCUXpressoIDE_11.10.0_3148/ide/plugins/com.nxp.mcuxpresso.tools.win32_11.10.0.202311280810/tools/bin/../lib/gcc/arm-none-eabi/13.2.1/../../../../arm-none-eabi/lib/thumb/v6-m/nofp\libcr_c.a(initio.o)
                0x000044b4                _initio
 .text.__vfprintf
                0x00004530      0xd3c C:/nxp/MCUXpressoIDE_11.10.0_3148/ide/plugins/com.nxp.mcuxpresso.tools.win32_11.10.0.202311280810/tools/bin/../lib/gcc/arm-none-eabi/13.2.1/../../../../arm-none-eabi/lib/thumb/v6-m/nofp\libcr_c.a(printf.o)
                0x00004530                __vfprintf
 .text._vsnprintf
                0x0000526c       0x70 C:/nxp/MCUXpressoIDE_11.10.0_3148/ide/plugins/com.nxp.mcuxpresso.tools.win32_11.10.0.202311280810/tools/bin/../lib/gcc/arm-none-eabi/13.2.1/../../../../arm-none-eabi/lib/thumb/v6-m/nofp\libcr_c.a(printf.o)
                0x0000526c                _vsnprintf
 .text._printf  0x000052dc       0x50 C:/nxp/MCUXpressoIDE_11.10.0_3148/ide/plugins/com.nxp.mcuxpresso.tools.win32_11.10.0.202311280810/tools/bin/../lib/gcc/arm-none-eabi/13.2.1/../../../../arm-none-eabi/lib/thumb/v6-m/nofp\libcr_c.a(printf.o)
                0x000052dc                _printf
 .text.setvbuf  0x0000532c       0x4c C:/nxp/MCUXpressoIDE_11.10.0_3148/ide/plugins/com.nxp.mcuxpresso.tools.win32_11.10.0.202311280810/tools/bin/../lib/gcc/arm-none-eabi/13.2.1/../../../../arm-none-eabi/lib/thumb/v6-m/nofp\libcr_c.a(setvbuf.o)
                0x0000532c                setvbuf
 .text.strlen   0x00005378       0x5c C:/nxp/MCUXpressoIDE_11.10.0_3148/ide/plugins/com.nxp.mcuxpresso.tools.win32_11.10.0.202311280810/tools/bin/../lib/gcc/arm-none-eabi/13.2.1/../../../../arm-none-eabi/lib/thumb/v6-m/nofp\libcr_c.a(strlen.o)
                0x00005378                strlen
 .text._sbrk    0x000053d4       0x44 C:/nxp/MCUXpressoIDE_11.10.0_3148/ide/plugins/com.nxp.mcuxpresso.tools.win32_11.10.0.202311280810/tools/bin/../lib/gcc/arm-none-eabi/13.2.1/../../../../arm-none-eabi/lib/thumb/v6-m/nofp\libcr_c.a(_cr_sbrk.o)
                0x000053d4                _sbrk
 .text._deferredlazyseek
                0x00005418       0x40 C:/nxp/MCUXpressoIDE_11.10.0_3148/ide/plugins/com.nxp.mcuxpresso.tools.win32_11.10.0.202311280810/tools/bin/../lib/gcc/arm-none-eabi/13.2.1/../../../../arm-none-eabi/lib/thumb/v6-m/nofp\libcr_c.a(_deferredlazyseek.o)
                0x00005418                _deferredlazyseek
 .text.__flsbuf
                0x00005458      0x12c C:/nxp/MCUXpressoIDE_11.10.0_3148/ide/plugins/com.nxp.mcuxpresso.tools.win32_11.10.0.202311280810/tools/bin/../lib/gcc/arm-none-eabi/13.2.1/../../../../arm-none-eabi/lib/thumb/v6-m/nofp\libcr_c.a(_deferredlazyseek.o)
                0x00005458                __flsbuf
 .text._fdopen  0x00005584       0x74 C:/nxp/MCUXpressoIDE_11.10.0_3148/ide/plugins/com.nxp.mcuxpresso.tools.win32_11.10.0.202311280810/tools/bin/../lib/gcc/arm-none-eabi/13.2.1/../../../../arm-none-eabi/lib/thumb/v6-m/nofp\libcr_c.a(_fdopen.o)
                0x00005584                _fdopen
 .text._fflush  0x000055f8       0x5c C:/nxp/MCUXpressoIDE_11.10.0_3148/ide/plugins/com.nxp.mcuxpresso.tools.win32_11.10.0.202311280810/tools/bin/../lib/gcc/arm-none-eabi/13.2.1/../../../../arm-none-eabi/lib/thumb/v6-m/nofp\libcr_c.a(_fflush.o)
                0x000055f8                _fflush
 .text._Cwritebuf
                0x00005654       0x68 C:/nxp/MCUXpressoIDE_11.10.0_3148/ide/plugins/com.nxp.mcuxpresso.tools.win32_11.10.0.202311280810/tools/bin/../lib/gcc/arm-none-eabi/13.2.1/../../../../arm-none-eabi/lib/thumb/v6-m/nofp\libcr_c.a(_writebuf.o)
                0x00005654                _Cwritebuf
 .text.fclose   0x000056bc       0x5c C:/nxp/MCUXpressoIDE_11.10.0_3148/ide/plugins/com.nxp.mcuxpresso.tools.win32_11.10.0.202311280810/tools/bin/../lib/gcc/arm-none-eabi/13.2.1/../../../../arm-none-eabi/lib/thumb/v6-m/nofp\libcr_c.a(fclose.o)
                0x000056bc                fclose
 .text.fflush   0x00005718       0x40 C:/nxp/MCUXpressoIDE_11.10.0_3148/ide/plugins/com.nxp.mcuxpresso.tools.win32_11.10.0.202311280810/tools/bin/../lib/gcc/arm-none-eabi/13.2.1/../../../../arm-none-eabi/lib/thumb/v6-m/nofp\libcr_c.a(fflush.o)
                0x00005718                fflush
 .text.fseek    0x00005758       0xec C:/nxp/MCUXpressoIDE_11.10.0_3148/ide/plugins/com.nxp.mcuxpresso.tools.win32_11.10.0.202311280810/tools/bin/../lib/gcc/arm-none-eabi/13.2.1/../../../../arm-none-eabi/lib/thumb/v6-m/nofp\libcr_c.a(fseek.o)
                0x00005758                fseek
 .text.ftell    0x00005844       0x4c C:/nxp/MCUXpressoIDE_11.10.0_3148/ide/plugins/com.nxp.mcuxpresso.tools.win32_11.10.0.202311280810/tools/bin/../lib/gcc/arm-none-eabi/13.2.1/../../../../arm-none-eabi/lib/thumb/v6-m/nofp\libcr_c.a(ftell.o)
                0x00005844                ftell
 .text.__check_heap_overflow
                0x00005890       0x18 C:/nxp/MCUXpressoIDE_11.10.0_3148/ide/plugins/com.nxp.mcuxpresso.tools.win32_11.10.0.202311280810/tools/bin/../lib/gcc/arm-none-eabi/13.2.1/../../../../arm-none-eabi/lib/thumb/v6-m/nofp\libcr_c.a(_cr_check_heap.o)
                0x00005890                __check_heap_overflow
 .text._do_fflush
                0x000058a8       0x48 C:/nxp/MCUXpressoIDE_11.10.0_3148/ide/plugins/com.nxp.mcuxpresso.tools.win32_11.10.0.202311280810/tools/bin/../lib/gcc/arm-none-eabi/13.2.1/../../../../arm-none-eabi/lib/thumb/v6-m/nofp\libcr_c.a(_do_fflush.o)
                0x000058a8                _do_fflush
 .text.__aeabi_ddiv
                0x000058f0      0x174 C:/nxp/MCUXpressoIDE_11.10.0_3148/ide/plugins/com.nxp.mcuxpresso.tools.win32_11.10.0.202311280810/tools/bin/../lib/gcc/arm-none-eabi/13.2.1/thumb/v6-m/nofp\libcr_eabihelpers.a(double.o)
                0x000058f0                __aeabi_ddiv
 .text.__aeabi_d2f
                0x00005a64       0x64 C:/nxp/MCUXpressoIDE_11.10.0_3148/ide/plugins/com.nxp.mcuxpresso.tools.win32_11.10.0.202311280810/tools/bin/../lib/gcc/arm-none-eabi/13.2.1/thumb/v6-m/nofp\libcr_eabihelpers.a(double.o)
                0x00005a64                __aeabi_d2f
 .text.__aeabi_fmul
                0x00005ac8       0xcc C:/nxp/MCUXpressoIDE_11.10.0_3148/ide/plugins/com.nxp.mcuxpresso.tools.win32_11.10.0.202311280810/tools/bin/../lib/gcc/arm-none-eabi/13.2.1/thumb/v6-m/nofp\libcr_eabihelpers.a(float.o)
                0x00005ac8                __aeabi_fmul
 .text.__aeabi_fdiv
                0x00005b94       0xf0 C:/nxp/MCUXpressoIDE_11.10.0_3148/ide/plugins/com.nxp.mcuxpresso.tools.win32_11.10.0.202311280810/tools/bin/../lib/gcc/arm-none-eabi/13.2.1/thumb/v6-m/nofp\libcr_eabihelpers.a(float.o)
                0x00005b94                __aeabi_fdiv
 .text.__sys_appexit
                0x00005c84        0xc C:/nxp/MCUXpressoIDE_11.10.0_3148/ide/plugins/com.nxp.mcuxpresso.tools.win32_11.10.0.202311280810/tools/bin/../lib/gcc/arm-none-eabi/13.2.1/../../../../arm-none-eabi/lib/thumb/v6-m/nofp\libcr_semihost_nf.a(__sys_appexit.o)
                0x00005c84                __sys_appexit
                0x00005c84                __exit
 .text.fsl_assert_hook
                0x00005c90       0x16 ./utilities/fsl_assert.o
                0x00005c90                fsl_assert_hook
 .text.GPIO_PinWrite
                0x00005ca6       0x2c ./source/Proyecto_Integrador_Cabrera_Alvarez-Mollo.o
 .text.GPIO_PinRead
                0x00005cd2       0x24 ./source/Proyecto_Integrador_Cabrera_Alvarez-Mollo.o
 .text.ADC_EnableConvSeqA
                0x00005cf6       0x3a ./source/Proyecto_Integrador_Cabrera_Alvarez-Mollo.o
 .text.ADC_DoSoftwareTriggerConvSeqA
                0x00005d30       0x1e ./source/Proyecto_Integrador_Cabrera_Alvarez-Mollo.o
 .text.project_init
                0x00005d4e       0x1e ./source/Proyecto_Integrador_Cabrera_Alvarez-Mollo.o
                0x00005d4e                project_init
 .text.display_off
                0x00005d6c       0x26 ./source/Proyecto_Integrador_Cabrera_Alvarez-Mollo.o
                0x00005d6c                display_off
 .text.display_on
                0x00005d92       0x24 ./source/Proyecto_Integrador_Cabrera_Alvarez-Mollo.o
                0x00005d92                display_on
 .text.RESET_ReleasePeripheralReset
                0x00005db6       0x18 ./drivers/fsl_adc.o
 .text.ADC_GetDefaultConfig
                0x00005dce       0x34 ./drivers/fsl_adc.o
                0x00005dce                ADC_GetDefaultConfig
 .text.CLOCK_GetFRGInputClkFreq
                0x00005e02       0x3e ./drivers/fsl_clock.o
 .text.DelayLoop
                0x00005e40       0x1a ./drivers/fsl_common_arm.o
 .text.GPIO_PinInit
                0x00005e5a       0xc0 ./drivers/fsl_gpio.o
                0x00005e5a                GPIO_PinInit
 .text.I2C_MasterEnable
                0x00005f1a       0x3c ./drivers/fsl_i2c.o
 .text.I2C_GetStatusFlags
                0x00005f56       0x14 ./drivers/fsl_i2c.o
 .text.I2C_MasterClearStatusFlags
                0x00005f6a       0x1c ./drivers/fsl_i2c.o
 .text.I2C_MasterSetBaudRate
                0x00005f86       0xcc ./drivers/fsl_i2c.o
                0x00005f86                I2C_MasterSetBaudRate
 .text.I2C_PendingStatusWait
                0x00006052       0x30 ./drivers/fsl_i2c.o
 .text.RESET_PeripheralReset
                0x00006082       0x20 ./drivers/fsl_reset.o
                0x00006082                RESET_PeripheralReset
 .text.SystemInitHook
                0x000060a2        0xa ./device/system_LPC845.o
                0x000060a2                SystemInitHook
 .text.BOARD_InitDebugConsole
                0x000060ac        0xc ./board/board.o
                0x000060ac                BOARD_InitDebugConsole
 .text.BOARD_InitBootClocks
                0x000060b8        0xe ./board/clock_config.o
                0x000060b8                BOARD_InitBootClocks
 .text.xQueueGenericReset
                0x000060c6      0x116 C:\Users\Martin\Desktop\Curso UTN Fabri\curso-lse\lpc845\ejemplos\freertos\Debug\libfreertos.a(queue.o)
                0x000060c6                xQueueGenericReset
 .text.xQueueGenericCreate
                0x000061dc       0xbe C:\Users\Martin\Desktop\Curso UTN Fabri\curso-lse\lpc845\ejemplos\freertos\Debug\libfreertos.a(queue.o)
                0x000061dc                xQueueGenericCreate
 .text.prvInitialiseNewQueue
                0x0000629a       0x4e C:\Users\Martin\Desktop\Curso UTN Fabri\curso-lse\lpc845\ejemplos\freertos\Debug\libfreertos.a(queue.o)
 .text.xQueueCreateCountingSemaphore
                0x000062e8       0x50 C:\Users\Martin\Desktop\Curso UTN Fabri\curso-lse\lpc845\ejemplos\freertos\Debug\libfreertos.a(queue.o)
                0x000062e8                xQueueCreateCountingSemaphore
 .text.xQueueGenericSend
                0x00006338      0x172 C:\Users\Martin\Desktop\Curso UTN Fabri\curso-lse\lpc845\ejemplos\freertos\Debug\libfreertos.a(queue.o)
                0x00006338                xQueueGenericSend
 .text.xQueueSemaphoreTake
                0x000064aa      0x192 C:\Users\Martin\Desktop\Curso UTN Fabri\curso-lse\lpc845\ejemplos\freertos\Debug\libfreertos.a(queue.o)
                0x000064aa                xQueueSemaphoreTake
 .text.xQueuePeek
                0x0000663c      0x156 C:\Users\Martin\Desktop\Curso UTN Fabri\curso-lse\lpc845\ejemplos\freertos\Debug\libfreertos.a(queue.o)
                0x0000663c                xQueuePeek
 .text.uxQueueMessagesWaiting
                0x00006792       0x2c C:\Users\Martin\Desktop\Curso UTN Fabri\curso-lse\lpc845\ejemplos\freertos\Debug\libfreertos.a(queue.o)
                0x00006792                uxQueueMessagesWaiting
 .text.prvGetDisinheritPriorityAfterTimeout
                0x000067be       0x2c C:\Users\Martin\Desktop\Curso UTN Fabri\curso-lse\lpc845\ejemplos\freertos\Debug\libfreertos.a(queue.o)
 .text.prvCopyDataToQueue
                0x000067ea       0xd6 C:\Users\Martin\Desktop\Curso UTN Fabri\curso-lse\lpc845\ejemplos\freertos\Debug\libfreertos.a(queue.o)
 .text.prvCopyDataFromQueue
                0x000068c0       0x4c C:\Users\Martin\Desktop\Curso UTN Fabri\curso-lse\lpc845\ejemplos\freertos\Debug\libfreertos.a(queue.o)
 .text.prvUnlockQueue
                0x0000690c       0xbc C:\Users\Martin\Desktop\Curso UTN Fabri\curso-lse\lpc845\ejemplos\freertos\Debug\libfreertos.a(queue.o)
 .text.prvIsQueueEmpty
                0x000069c8       0x2c C:\Users\Martin\Desktop\Curso UTN Fabri\curso-lse\lpc845\ejemplos\freertos\Debug\libfreertos.a(queue.o)
 .text.prvIsQueueFull
                0x000069f4       0x30 C:\Users\Martin\Desktop\Curso UTN Fabri\curso-lse\lpc845\ejemplos\freertos\Debug\libfreertos.a(queue.o)
 .text.xTaskCreate
                0x00006a24       0x9c C:\Users\Martin\Desktop\Curso UTN Fabri\curso-lse\lpc845\ejemplos\freertos\Debug\libfreertos.a(tasks.o)
                0x00006a24                xTaskCreate
 .text.prvDeleteTCB
                0x00006ac0       0x22 C:\Users\Martin\Desktop\Curso UTN Fabri\curso-lse\lpc845\ejemplos\freertos\Debug\libfreertos.a(tasks.o)
 .text.vListInitialise
                0x00006ae2       0x3c C:\Users\Martin\Desktop\Curso UTN Fabri\curso-lse\lpc845\ejemplos\freertos\Debug\libfreertos.a(list.o)
                0x00006ae2                vListInitialise
 .text.vListInitialiseItem
                0x00006b1e       0x16 C:\Users\Martin\Desktop\Curso UTN Fabri\curso-lse\lpc845\ejemplos\freertos\Debug\libfreertos.a(list.o)
                0x00006b1e                vListInitialiseItem
 .text.vListInsert
                0x00006b34       0x6c C:\Users\Martin\Desktop\Curso UTN Fabri\curso-lse\lpc845\ejemplos\freertos\Debug\libfreertos.a(list.o)
                0x00006b34                vListInsert
 .text.uxListRemove
                0x00006ba0       0x50 C:\Users\Martin\Desktop\Curso UTN Fabri\curso-lse\lpc845\ejemplos\freertos\Debug\libfreertos.a(list.o)
                0x00006ba0                uxListRemove
 .text.SVC_Handler
                0x00006bf0        0xa C:\Users\Martin\Desktop\Curso UTN Fabri\curso-lse\lpc845\ejemplos\freertos\Debug\libfreertos.a(port.o)
                0x00006bf0                SVC_Handler
 .text.ulSetInterruptMaskFromISR
                0x00006bfa        0xc C:\Users\Martin\Desktop\Curso UTN Fabri\curso-lse\lpc845\ejemplos\freertos\Debug\libfreertos.a(port.o)
                0x00006bfa                ulSetInterruptMaskFromISR
 .text.vClearInterruptMaskFromISR
                0x00006c06        0x8 C:\Users\Martin\Desktop\Curso UTN Fabri\curso-lse\lpc845\ejemplos\freertos\Debug\libfreertos.a(port.o)
                0x00006c06                vClearInterruptMaskFromISR
 .text.__main   0x00006c0e        0xc C:/nxp/MCUXpressoIDE_11.10.0_3148/ide/plugins/com.nxp.mcuxpresso.tools.win32_11.10.0.202311280810/tools/bin/../lib/gcc/arm-none-eabi/13.2.1/../../../../arm-none-eabi/lib/thumb/v6-m/nofp\libcr_semihost_nf.a(_cr__main.o)
                0x00006c0e                __CR_SEMIHOST
                0x00006c0e                __main
 .text.memcpy   0x00006c1a        0x8 C:/nxp/MCUXpressoIDE_11.10.0_3148/ide/plugins/com.nxp.mcuxpresso.tools.win32_11.10.0.202311280810/tools/bin/../lib/gcc/arm-none-eabi/13.2.1/../../../../arm-none-eabi/lib/thumb/v6-m/nofp\libcr_c.a(memcpy.o)
                0x00006c1a                memcpy
 .text.memset   0x00006c22        0x8 C:/nxp/MCUXpressoIDE_11.10.0_3148/ide/plugins/com.nxp.mcuxpresso.tools.win32_11.10.0.202311280810/tools/bin/../lib/gcc/arm-none-eabi/13.2.1/../../../../arm-none-eabi/lib/thumb/v6-m/nofp\libcr_c.a(memset.o)
                0x00006c22                memset
 .text.free     0x00006c2a       0x2c C:/nxp/MCUXpressoIDE_11.10.0_3148/ide/plugins/com.nxp.mcuxpresso.tools.win32_11.10.0.202311280810/tools/bin/../lib/gcc/arm-none-eabi/13.2.1/../../../../arm-none-eabi/lib/thumb/v6-m/nofp\libcr_c.a(alloc.o)
                0x00006c2a                free
 .text.no_fp_display
                0x00006c56        0x4 C:/nxp/MCUXpressoIDE_11.10.0_3148/ide/plugins/com.nxp.mcuxpresso.tools.win32_11.10.0.202311280810/tools/bin/../lib/gcc/arm-none-eabi/13.2.1/../../../../arm-none-eabi/lib/thumb/v6-m/nofp\libcr_c.a(printf.o)
 .text.remove   0x00006c5a       0x12 C:/nxp/MCUXpressoIDE_11.10.0_3148/ide/plugins/com.nxp.mcuxpresso.tools.win32_11.10.0.202311280810/tools/bin/../lib/gcc/arm-none-eabi/13.2.1/../../../../arm-none-eabi/lib/thumb/v6-m/nofp\libcr_c.a(remove.o)
                0x00006c5a                remove
 .text.__aeabi_division_idivmod
                0x00006c6c       0x78 C:/nxp/MCUXpressoIDE_11.10.0_3148/ide/plugins/com.nxp.mcuxpresso.tools.win32_11.10.0.202311280810/tools/bin/../lib/gcc/arm-none-eabi/13.2.1/thumb/v6-m/nofp\libcr_eabihelpers.a(division_32.o)
                0x00006c6c                __aeabi_idivmod
                0x00006c6c                __aeabi_idiv
                0x00006c72                __aeabi_uidivmod
                0x00006c72                __aeabi_uidiv
 .text.__aeabi_division_uldivmod
                0x00006ce4       0x5a C:/nxp/MCUXpressoIDE_11.10.0_3148/ide/plugins/com.nxp.mcuxpresso.tools.win32_11.10.0.202311280810/tools/bin/../lib/gcc/arm-none-eabi/13.2.1/thumb/v6-m/nofp\libcr_eabihelpers.a(division_64.o)
                0x00006ce4                __aeabi_uldivmod
 .text.__aeabi_division_idiv0
                0x00006d3e        0x2 C:/nxp/MCUXpressoIDE_11.10.0_3148/ide/plugins/com.nxp.mcuxpresso.tools.win32_11.10.0.202311280810/tools/bin/../lib/gcc/arm-none-eabi/13.2.1/thumb/v6-m/nofp\libcr_eabihelpers.a(division_idiv0.o)
                0x00006d3e                __aeabi_idiv0
 .text.__bhs_ui2d
                0x00006d40       0x5e C:/nxp/MCUXpressoIDE_11.10.0_3148/ide/plugins/com.nxp.mcuxpresso.tools.win32_11.10.0.202311280810/tools/bin/../lib/gcc/arm-none-eabi/13.2.1/thumb/v6-m/nofp\libcr_eabihelpers.a(double.o)
                0x00006d40                __bhs_ui2d
 .text.__aeabi_i2d
                0x00006d9e       0x18 C:/nxp/MCUXpressoIDE_11.10.0_3148/ide/plugins/com.nxp.mcuxpresso.tools.win32_11.10.0.202311280810/tools/bin/../lib/gcc/arm-none-eabi/13.2.1/thumb/v6-m/nofp\libcr_eabihelpers.a(double.o)
                0x00006d9e                __aeabi_i2d
 .text.__aeabi_f2uiz
                0x00006db6       0x28 C:/nxp/MCUXpressoIDE_11.10.0_3148/ide/plugins/com.nxp.mcuxpresso.tools.win32_11.10.0.202311280810/tools/bin/../lib/gcc/arm-none-eabi/13.2.1/thumb/v6-m/nofp\libcr_eabihelpers.a(float.o)
                0x00006db6                __aeabi_f2uiz
 .text.__aeabi_llong_lmul
                0x00006dde       0x2e C:/nxp/MCUXpressoIDE_11.10.0_3148/ide/plugins/com.nxp.mcuxpresso.tools.win32_11.10.0.202311280810/tools/bin/../lib/gcc/arm-none-eabi/13.2.1/thumb/v6-m/nofp\libcr_eabihelpers.a(llong.o)
                0x00006dde                __aeabi_lmul
 .text.__aeabi_memcpy
                0x00006e0c       0x2c C:/nxp/MCUXpressoIDE_11.10.0_3148/ide/plugins/com.nxp.mcuxpresso.tools.win32_11.10.0.202311280810/tools/bin/../lib/gcc/arm-none-eabi/13.2.1/thumb/v6-m/nofp\libcr_eabihelpers.a(memcpy.o)
                0x00006e0c                __aeabi_memcpy4
                0x00006e0c                __aeabi_memcpy8
                0x00006e0c                __aeabi_memcpy
 .text.__aeabi_memset_lowlevel
                0x00006e38       0x2a C:/nxp/MCUXpressoIDE_11.10.0_3148/ide/plugins/com.nxp.mcuxpresso.tools.win32_11.10.0.202311280810/tools/bin/../lib/gcc/arm-none-eabi/13.2.1/thumb/v6-m/nofp\libcr_eabihelpers.a(memcpy.o)
                0x00006e38                __aeabi_lowlevel_memset
 .text.__gnu_thumb1_case_uqi
                0x00006e62       0x10 C:/nxp/MCUXpressoIDE_11.10.0_3148/ide/plugins/com.nxp.mcuxpresso.tools.win32_11.10.0.202311280810/tools/bin/../lib/gcc/arm-none-eabi/13.2.1/thumb/v6-m/nofp\libcr_eabihelpers.a(thumb1_switch_helpers.o)
                0x00006e62                __gnu_thumb1_case_uqi
 .text.__gnu_thumb1_case_shi
                0x00006e72       0x10 C:/nxp/MCUXpressoIDE_11.10.0_3148/ide/plugins/com.nxp.mcuxpresso.tools.win32_11.10.0.202311280810/tools/bin/../lib/gcc/arm-none-eabi/13.2.1/thumb/v6-m/nofp\libcr_eabihelpers.a(thumb1_switch_helpers.o)
                0x00006e72                __gnu_thumb1_case_shi
 .text.__gnu_thumb1_case_uhi
                0x00006e82       0x10 C:/nxp/MCUXpressoIDE_11.10.0_3148/ide/plugins/com.nxp.mcuxpresso.tools.win32_11.10.0.202311280810/tools/bin/../lib/gcc/arm-none-eabi/13.2.1/thumb/v6-m/nofp\libcr_eabihelpers.a(thumb1_switch_helpers.o)
                0x00006e82                __gnu_thumb1_case_uhi
 .text.__sys_close
                0x00006e92        0xc C:/nxp/MCUXpressoIDE_11.10.0_3148/ide/plugins/com.nxp.mcuxpresso.tools.win32_11.10.0.202311280810/tools/bin/../lib/gcc/arm-none-eabi/13.2.1/../../../../arm-none-eabi/lib/thumb/v6-m/nofp\libcr_semihost_nf.a(__sys_close.o)
                0x00006e92                __sys_close
 .text.__sys_flen
                0x00006e9e        0xc C:/nxp/MCUXpressoIDE_11.10.0_3148/ide/plugins/com.nxp.mcuxpresso.tools.win32_11.10.0.202311280810/tools/bin/../lib/gcc/arm-none-eabi/13.2.1/../../../../arm-none-eabi/lib/thumb/v6-m/nofp\libcr_semihost_nf.a(__sys_flen.o)
                0x00006e9e                __sys_flen
 .text.__sys_istty
                0x00006eaa        0xc C:/nxp/MCUXpressoIDE_11.10.0_3148/ide/plugins/com.nxp.mcuxpresso.tools.win32_11.10.0.202311280810/tools/bin/../lib/gcc/arm-none-eabi/13.2.1/../../../../arm-none-eabi/lib/thumb/v6-m/nofp\libcr_semihost_nf.a(__sys_istty.o)
                0x00006eaa                __sys_istty
 .text.__sys_remove
                0x00006eb6        0xc C:/nxp/MCUXpressoIDE_11.10.0_3148/ide/plugins/com.nxp.mcuxpresso.tools.win32_11.10.0.202311280810/tools/bin/../lib/gcc/arm-none-eabi/13.2.1/../../../../arm-none-eabi/lib/thumb/v6-m/nofp\libcr_semihost_nf.a(__sys_remove.o)
                0x00006eb6                __sys_remove
 .text.__sys_seek
                0x00006ec2        0xc C:/nxp/MCUXpressoIDE_11.10.0_3148/ide/plugins/com.nxp.mcuxpresso.tools.win32_11.10.0.202311280810/tools/bin/../lib/gcc/arm-none-eabi/13.2.1/../../../../arm-none-eabi/lib/thumb/v6-m/nofp\libcr_semihost_nf.a(__sys_seek.o)
                0x00006ec2                __sys_seek
 .text.__sys_tmpnam
                0x00006ece        0xc C:/nxp/MCUXpressoIDE_11.10.0_3148/ide/plugins/com.nxp.mcuxpresso.tools.win32_11.10.0.202311280810/tools/bin/../lib/gcc/arm-none-eabi/13.2.1/../../../../arm-none-eabi/lib/thumb/v6-m/nofp\libcr_semihost_nf.a(__sys_tmpnam.o)
                0x00006ece                __sys_tmpnam
 .text.__sys_write
                0x00006eda        0xc C:/nxp/MCUXpressoIDE_11.10.0_3148/ide/plugins/com.nxp.mcuxpresso.tools.win32_11.10.0.202311280810/tools/bin/../lib/gcc/arm-none-eabi/13.2.1/../../../../arm-none-eabi/lib/thumb/v6-m/nofp\libcr_semihost_nf.a(__sys_write.o)
                0x00006eda                __sys_write
 *(SORT_BY_ALIGNMENT(.rodata) SORT_BY_ALIGNMENT(.rodata.*) SORT_BY_ALIGNMENT(.constdata) SORT_BY_ALIGNMENT(.constdata.*))
 *fill*         0x00006ee6        0x2 ff
 .rodata.__assertion_failed.str1.4
                0x00006ee8      0xc71 ./utilities/fsl_assert.o
                                 0x14 (size before relaxing)
 .rodata.SCTIMER_StartTimer.str1.4
                0x00007b59      0x3aa ./source/Proyecto_Integrador_Cabrera_Alvarez-Mollo.o
 .rodata.main.str1.4
                0x00007b59       0x83 ./source/Proyecto_Integrador_Cabrera_Alvarez-Mollo.o
 .rodata.task_print_information.str1.4
                0x00007b59       0x1d ./source/Proyecto_Integrador_Cabrera_Alvarez-Mollo.o
 *fill*         0x00007b59        0x3 ff
 .rodata        0x00007b5c       0x4f ./source/Proyecto_Integrador_Cabrera_Alvarez-Mollo.o
 .rodata.display_write.str1.4
                0x00007bab        0xb ./source/Proyecto_Integrador_Cabrera_Alvarez-Mollo.o
 .rodata.ADC_GetInstance.str1.4
                0x00007bab       0x31 ./drivers/fsl_adc.o
 .rodata.ADC_Init.str1.4
                0x00007bab       0x1e ./drivers/fsl_adc.o
 .rodata.ADC_DoSelfCalibration.str1.4
                0x00007bab       0x20 ./drivers/fsl_adc.o
 .rodata.ADC_SetConvSeqAConfig.str1.4
                0x00007bab       0x1f ./drivers/fsl_adc.o
 .rodata.ADC_GetChannelConversionResult.str1.4
                0x00007bab       0x48 ./drivers/fsl_adc.o
 .rodata.CLOCK_UpdateClkSrc.str1.4
                0x00007bab       0x17 ./drivers/fsl_clock.o
 *fill*         0x00007bab        0x1 ff
 .rodata.CLOCK_GetFreq
                0x00007bac       0x24 ./drivers/fsl_clock.o
 .rodata.SDK_DelayAtLeastUs.str1.4
                0x00007bd0       0x2b ./drivers/fsl_common_arm.o
 .rodata.s_gpioClockName
                0x00007bd0        0x4 ./drivers/fsl_gpio.o
 .rodata.s_gpioResets
                0x00007bd4        0x8 ./drivers/fsl_gpio.o
 .rodata.GPIO_EnablePortClock.str1.4
                0x00007bdc       0x33 ./drivers/fsl_gpio.o
 .rodata.s_i2cBases
                0x00007bdc       0x10 ./drivers/fsl_i2c.o
 .rodata.s_i2cClocks
                0x00007bec        0x8 ./drivers/fsl_i2c.o
 .rodata.s_i2cResets
                0x00007bf4       0x10 ./drivers/fsl_i2c.o
 .rodata.I2C_GetInstance.str1.4
                0x00007c04       0x32 ./drivers/fsl_i2c.o
 .rodata.I2C_MasterWriteBlocking.str1.4
                0x00007c04       0x1f ./drivers/fsl_i2c.o
 .rodata.I2C_MasterReadBlocking.str1.4
                0x00007c04       0x1f ./drivers/fsl_i2c.o
 .rodata.RESET_SetPeripheralReset.str1.4
                0x00007c04       0x1f ./drivers/fsl_reset.o
 .rodata.RESET_ClearPeripheralReset.str1.4
                0x00007c04       0x1f ./drivers/fsl_reset.o
 .rodata.SCTIMER_StartTimer.str1.4
                0x00007c04      0x12a ./drivers/fsl_sctimer.o
 .rodata.SCTIMER_StopTimer.str1.4
                0x00007c04      0x12a ./drivers/fsl_sctimer.o
 .rodata.SCTIMER_SetupOutputSetAction.str1.4
                0x00007c04       0x4a ./drivers/fsl_sctimer.o
 .rodata.SCTIMER_SetupOutputClearAction.str1.4
                0x00007c04       0x4a ./drivers/fsl_sctimer.o
 .rodata.SCTIMER_SetupCounterLimitAction.str1.4
                0x00007c04       0xc9 ./drivers/fsl_sctimer.o
 .rodata.SCTIMER_GetInstance.str1.4
                0x00007c04       0x2c ./drivers/fsl_sctimer.o
 .rodata.SCTIMER_Init.str1.4
                0x00007c04       0x23 ./drivers/fsl_sctimer.o
 .rodata.SCTIMER_GetDefaultConfig.str1.4
                0x00007c04       0x23 ./drivers/fsl_sctimer.o
 .rodata.SCTIMER_SetupPwm.str1.4
                0x00007c04      0x119 ./drivers/fsl_sctimer.o
 .rodata.SCTIMER_UpdatePwmDutycycle.str1.4
                0x00007c04       0xc5 ./drivers/fsl_sctimer.o
 .rodata.SWM_SetMovablePinSelect.str1.4
                0x00007c04       0x49 ./drivers/fsl_swm.o
 .rodata.SWM_SetFixedPinSelect.str1.4
                0x00007c04       0x1d ./drivers/fsl_swm.o
 .rodata.CLOCK_SetCoreSysClkDiv.str1.4
                0x00007c04       0x9e ./board/clock_config.o
 .rodata.uxTopUsedPriority
                0x00007c04        0x4 C:\Users\Martin\Desktop\Curso UTN Fabri\curso-lse\lpc845\ejemplos\freertos\Debug\libfreertos.a(tasks.o)
                0x00007c04                uxTopUsedPriority
 .rodata.vTaskStartScheduler.str1.4
                0x00007c08        0x5 C:\Users\Martin\Desktop\Curso UTN Fabri\curso-lse\lpc845\ejemplos\freertos\Debug\libfreertos.a(tasks.o)
 .rodata.__num_Ciob_streams
                0x00007c08        0x4 C:/nxp/MCUXpressoIDE_11.10.0_3148/ide/plugins/com.nxp.mcuxpresso.tools.win32_11.10.0.202311280810/tools/bin/../lib/gcc/arm-none-eabi/13.2.1/../../../../arm-none-eabi/lib/thumb/v6-m/nofp\libcr_semihost_nf.a(__ciob.o)
                0x00007c08                __num_Ciob_streams
 .rodata._Csys_alloc.str1.1
                0x00007c0c       0x53 C:/nxp/MCUXpressoIDE_11.10.0_3148/ide/plugins/com.nxp.mcuxpresso.tools.win32_11.10.0.202311280810/tools/bin/../lib/gcc/arm-none-eabi/13.2.1/../../../../arm-none-eabi/lib/thumb/v6-m/nofp\libcr_c.a(alloc.o)
                                 0x18 (size before relaxing)
 .rodata._initio.str1.1
                0x00007c5f        0x4 C:/nxp/MCUXpressoIDE_11.10.0_3148/ide/plugins/com.nxp.mcuxpresso.tools.win32_11.10.0.202311280810/tools/bin/../lib/gcc/arm-none-eabi/13.2.1/../../../../arm-none-eabi/lib/thumb/v6-m/nofp\libcr_c.a(initio.o)
 .rodata.__vfprintf.str1.1
                0x00007c5f       0x38 C:/nxp/MCUXpressoIDE_11.10.0_3148/ide/plugins/com.nxp.mcuxpresso.tools.win32_11.10.0.202311280810/tools/bin/../lib/gcc/arm-none-eabi/13.2.1/../../../../arm-none-eabi/lib/thumb/v6-m/nofp\libcr_c.a(printf.o)
                0x00007d30                        . = ALIGN (0x4)
 *fill*         0x00007c5f        0x1 ff

.glue_7         0x00007c60        0x0
 .glue_7        0x00007c60        0x0 linker stubs

.glue_7t        0x00007c60        0x0
 .glue_7t       0x00007c60        0x0 linker stubs

.vfp11_veneer   0x00007c60        0x0
 .vfp11_veneer  0x00007c60        0x0 linker stubs

.v4_bx          0x00007c60        0x0
 .v4_bx         0x00007c60        0x0 linker stubs

.iplt           0x00007c60        0x0
 .iplt          0x00007c60        0x0 ./utilities/fsl_assert.o

.rel.dyn        0x00007c60        0x0
 .rel.iplt      0x00007c60        0x0 ./utilities/fsl_assert.o

.ARM.extab
 *(SORT_BY_ALIGNMENT(.ARM.extab*) SORT_BY_ALIGNMENT(.gnu.linkonce.armextab.*))

.ARM.exidx      0x00007c60        0x0
                0x00007c60                        __exidx_start = .
 *(SORT_BY_ALIGNMENT(.ARM.exidx*) SORT_BY_ALIGNMENT(.gnu.linkonce.armexidx.*))
                0x00007c60                        __exidx_end = .
                0x00007c60                        _etext = .

.mtb_buffer_RAM2
 *(SORT_BY_ALIGNMENT(.mtb.$RAM2*))
 *(SORT_BY_ALIGNMENT(.mtb.$IAP_SRAM*))

.data_RAM2      0x10003fe0        0x0 load address 0x00007c60
 FILL mask 0xff
                [!provide]                        PROVIDE (__start_data_RAM2 = .)
                [!provide]                        PROVIDE (__start_data_IAP_SRAM = .)
 *(SORT_BY_ALIGNMENT(.ramfunc.$RAM2))
 *(SORT_BY_ALIGNMENT(.ramfunc.$IAP_SRAM))
 *(SORT_BY_ALIGNMENT(.data.$RAM2))
 *(SORT_BY_ALIGNMENT(.data.$IAP_SRAM))
 *(SORT_BY_ALIGNMENT(.data.$RAM2.*))
 *(SORT_BY_ALIGNMENT(.data.$IAP_SRAM.*))
                0x10003fe0                        . = ALIGN (0x4)
                [!provide]                        PROVIDE (__end_data_RAM2 = .)
                [!provide]                        PROVIDE (__end_data_IAP_SRAM = .)

.mtb_buffer_default
                0x10000000       0x80
 *(SORT_BY_ALIGNMENT(.mtb*))
 .mtb.$RAM1     0x10000000       0x80 ./source/mtb.o
                0x10000000                __mtb_buffer__

.uninit_RESERVED
                0x10000080        0x0
                0x10000080                        _start_uninit_RESERVED = .
 *(SORT_BY_ALIGNMENT(.bss.$RESERVED*))
                0x10000080                        . = ALIGN (0x4)
                0x10000080                        _end_uninit_RESERVED = .

.data           0x10000080        0xc load address 0x00007c60
 FILL mask 0xff
                0x10000080                        _data = .
                [!provide]                        PROVIDE (__start_data_RAM = .)
                [!provide]                        PROVIDE (__start_data_SRAM = .)
 *(SORT_BY_ALIGNMENT(vtable))
 *(SORT_BY_ALIGNMENT(.ramfunc*))
 *(SORT_BY_ALIGNMENT(CodeQuickAccess))
 *(SORT_BY_ALIGNMENT(DataQuickAccess))
 *(SORT_BY_ALIGNMENT(RamFunction))
 *(SORT_BY_ALIGNMENT(.data*))
 .data.SystemCoreClock
                0x10000080        0x4 ./device/system_LPC845.o
                0x10000080                SystemCoreClock
 .data.xFreeBytesRemaining
                0x10000084        0x4 C:\Users\Martin\Desktop\Curso UTN Fabri\curso-lse\lpc845\ejemplos\freertos\Debug\libfreertos.a(heap_2.o)
 .data.uxCriticalNesting
                0x10000088        0x4 C:\Users\Martin\Desktop\Curso UTN Fabri\curso-lse\lpc845\ejemplos\freertos\Debug\libfreertos.a(port.o)
                0x1000008c                        . = ALIGN (0x4)
                0x1000008c                        _edata = .
                [!provide]                        PROVIDE (__end_data_RAM = .)
                [!provide]                        PROVIDE (__end_data_SRAM = .)

.igot.plt       0x1000008c        0x0 load address 0x00007c6c
 .igot.plt      0x1000008c        0x0 ./utilities/fsl_assert.o

.bss_RAM2       0x10003fe0        0x0
                [!provide]                        PROVIDE (__start_bss_RAM2 = .)
                [!provide]                        PROVIDE (__start_bss_IAP_SRAM = .)
 *(SORT_BY_ALIGNMENT(.bss.$RAM2))
 *(SORT_BY_ALIGNMENT(.bss.$IAP_SRAM))
 *(SORT_BY_ALIGNMENT(.bss.$RAM2.*))
 *(SORT_BY_ALIGNMENT(.bss.$IAP_SRAM.*))
                0x10003fe0                        . = ALIGN ((. != 0x0)?0x4:0x1)
                [!provide]                        PROVIDE (__end_bss_RAM2 = .)
                [!provide]                        PROVIDE (__end_bss_IAP_SRAM = .)

.bss            0x1000008c     0x12a4
                0x1000008c                        _bss = .
                [!provide]                        PROVIDE (__start_bss_RAM = .)
                [!provide]                        PROVIDE (__start_bss_SRAM = .)
 *(SORT_BY_ALIGNMENT(.bss*))
 .bss.event     0x1000008c        0x4 ./source/Proyecto_Integrador_Cabrera_Alvarez-Mollo.o
                0x1000008c                event
 .bss.queue_setpoint
                0x10000090        0x4 ./source/Proyecto_Integrador_Cabrera_Alvarez-Mollo.o
                0x10000090                queue_setpoint
 .bss.queue_light_intensity
                0x10000094        0x4 ./source/Proyecto_Integrador_Cabrera_Alvarez-Mollo.o
                0x10000094                queue_light_intensity
 .bss.queue_duty_cycle
                0x10000098        0x4 ./source/Proyecto_Integrador_Cabrera_Alvarez-Mollo.o
                0x10000098                queue_duty_cycle
 .bss.queue_show_setpoint
                0x1000009c        0x4 ./source/Proyecto_Integrador_Cabrera_Alvarez-Mollo.o
                0x1000009c                queue_show_setpoint
 .bss.semphr    0x100000a0        0x4 ./source/Proyecto_Integrador_Cabrera_Alvarez-Mollo.o
                0x100000a0                semphr
 .bss.g_Ext_Clk_Freq
                0x100000a4        0x4 ./drivers/fsl_clock.o
                0x100000a4                g_Ext_Clk_Freq
 .bss.g_Wdt_Osc_Freq
                0x100000a8        0x4 ./drivers/fsl_clock.o
                0x100000a8                g_Wdt_Osc_Freq
 .bss.s_i2cHandle
                0x100000ac       0x10 ./drivers/fsl_i2c.o
 .bss.s_i2cMasterIsr
                0x100000bc        0x4 ./drivers/fsl_i2c.o
 .bss.s_i2cSlaveIsr
                0x100000c0        0x4 ./drivers/fsl_i2c.o
 .bss.s_eventCallback
                0x100000c4       0x20 ./drivers/fsl_sctimer.o
 .bss.s_currentEvent
                0x100000e4        0x4 ./drivers/fsl_sctimer.o
 .bss.s_currentState
                0x100000e8        0x4 ./drivers/fsl_sctimer.o
 .bss.s_currentMatch
                0x100000ec        0x4 ./drivers/fsl_sctimer.o
 .bss.s_currentMatchhigh
                0x100000f0        0x4 ./drivers/fsl_sctimer.o
 .bss.s_sctimerIsr
                0x100000f4        0x4 ./drivers/fsl_sctimer.o
 .bss.s_usartHandle
                0x100000f8       0x14 ./drivers/fsl_usart.o
 .bss.s_usartIsr
                0x1000010c        0x4 ./drivers/fsl_usart.o
 .bss.pxCurrentTCB
                0x10000110        0x4 C:\Users\Martin\Desktop\Curso UTN Fabri\curso-lse\lpc845\ejemplos\freertos\Debug\libfreertos.a(tasks.o)
                0x10000110                pxCurrentTCB
 .bss.pxReadyTasksLists
                0x10000114       0xa0 C:\Users\Martin\Desktop\Curso UTN Fabri\curso-lse\lpc845\ejemplos\freertos\Debug\libfreertos.a(tasks.o)
 .bss.xDelayedTaskList1
                0x100001b4       0x14 C:\Users\Martin\Desktop\Curso UTN Fabri\curso-lse\lpc845\ejemplos\freertos\Debug\libfreertos.a(tasks.o)
 .bss.xDelayedTaskList2
                0x100001c8       0x14 C:\Users\Martin\Desktop\Curso UTN Fabri\curso-lse\lpc845\ejemplos\freertos\Debug\libfreertos.a(tasks.o)
 .bss.pxDelayedTaskList
                0x100001dc        0x4 C:\Users\Martin\Desktop\Curso UTN Fabri\curso-lse\lpc845\ejemplos\freertos\Debug\libfreertos.a(tasks.o)
 .bss.pxOverflowDelayedTaskList
                0x100001e0        0x4 C:\Users\Martin\Desktop\Curso UTN Fabri\curso-lse\lpc845\ejemplos\freertos\Debug\libfreertos.a(tasks.o)
 .bss.xPendingReadyList
                0x100001e4       0x14 C:\Users\Martin\Desktop\Curso UTN Fabri\curso-lse\lpc845\ejemplos\freertos\Debug\libfreertos.a(tasks.o)
 .bss.xTasksWaitingTermination
                0x100001f8       0x14 C:\Users\Martin\Desktop\Curso UTN Fabri\curso-lse\lpc845\ejemplos\freertos\Debug\libfreertos.a(tasks.o)
 .bss.uxDeletedTasksWaitingCleanUp
                0x1000020c        0x4 C:\Users\Martin\Desktop\Curso UTN Fabri\curso-lse\lpc845\ejemplos\freertos\Debug\libfreertos.a(tasks.o)
 .bss.xSuspendedTaskList
                0x10000210       0x14 C:\Users\Martin\Desktop\Curso UTN Fabri\curso-lse\lpc845\ejemplos\freertos\Debug\libfreertos.a(tasks.o)
 .bss.uxCurrentNumberOfTasks
                0x10000224        0x4 C:\Users\Martin\Desktop\Curso UTN Fabri\curso-lse\lpc845\ejemplos\freertos\Debug\libfreertos.a(tasks.o)
 .bss.xTickCount
                0x10000228        0x4 C:\Users\Martin\Desktop\Curso UTN Fabri\curso-lse\lpc845\ejemplos\freertos\Debug\libfreertos.a(tasks.o)
 .bss.uxTopReadyPriority
                0x1000022c        0x4 C:\Users\Martin\Desktop\Curso UTN Fabri\curso-lse\lpc845\ejemplos\freertos\Debug\libfreertos.a(tasks.o)
 .bss.xSchedulerRunning
                0x10000230        0x4 C:\Users\Martin\Desktop\Curso UTN Fabri\curso-lse\lpc845\ejemplos\freertos\Debug\libfreertos.a(tasks.o)
 .bss.xPendedTicks
                0x10000234        0x4 C:\Users\Martin\Desktop\Curso UTN Fabri\curso-lse\lpc845\ejemplos\freertos\Debug\libfreertos.a(tasks.o)
 .bss.xYieldPending
                0x10000238        0x4 C:\Users\Martin\Desktop\Curso UTN Fabri\curso-lse\lpc845\ejemplos\freertos\Debug\libfreertos.a(tasks.o)
 .bss.xNumOfOverflows
                0x1000023c        0x4 C:\Users\Martin\Desktop\Curso UTN Fabri\curso-lse\lpc845\ejemplos\freertos\Debug\libfreertos.a(tasks.o)
 .bss.uxTaskNumber
                0x10000240        0x4 C:\Users\Martin\Desktop\Curso UTN Fabri\curso-lse\lpc845\ejemplos\freertos\Debug\libfreertos.a(tasks.o)
 .bss.xNextTaskUnblockTime
                0x10000244        0x4 C:\Users\Martin\Desktop\Curso UTN Fabri\curso-lse\lpc845\ejemplos\freertos\Debug\libfreertos.a(tasks.o)
 .bss.xIdleTaskHandle
                0x10000248        0x4 C:\Users\Martin\Desktop\Curso UTN Fabri\curso-lse\lpc845\ejemplos\freertos\Debug\libfreertos.a(tasks.o)
 .bss.uxSchedulerSuspended
                0x1000024c        0x4 C:\Users\Martin\Desktop\Curso UTN Fabri\curso-lse\lpc845\ejemplos\freertos\Debug\libfreertos.a(tasks.o)
 .bss.ucHeap    0x10000250     0x1000 C:\Users\Martin\Desktop\Curso UTN Fabri\curso-lse\lpc845\ejemplos\freertos\Debug\libfreertos.a(heap_2.o)
 .bss.xStart    0x10001250        0x8 C:\Users\Martin\Desktop\Curso UTN Fabri\curso-lse\lpc845\ejemplos\freertos\Debug\libfreertos.a(heap_2.o)
 .bss.xEnd      0x10001258        0x8 C:\Users\Martin\Desktop\Curso UTN Fabri\curso-lse\lpc845\ejemplos\freertos\Debug\libfreertos.a(heap_2.o)
 .bss.xHeapHasBeenInitialised.0
                0x10001260        0x4 C:\Users\Martin\Desktop\Curso UTN Fabri\curso-lse\lpc845\ejemplos\freertos\Debug\libfreertos.a(heap_2.o)
 .bss.ulTimerCountsForOneTick
                0x10001264        0x4 C:\Users\Martin\Desktop\Curso UTN Fabri\curso-lse\lpc845\ejemplos\freertos\Debug\libfreertos.a(port.o)
 .bss.xMaximumPossibleSuppressedTicks
                0x10001268        0x4 C:\Users\Martin\Desktop\Curso UTN Fabri\curso-lse\lpc845\ejemplos\freertos\Debug\libfreertos.a(port.o)
 .bss.ulStoppedTimerCompensation
                0x1000126c        0x4 C:\Users\Martin\Desktop\Curso UTN Fabri\curso-lse\lpc845\ejemplos\freertos\Debug\libfreertos.a(port.o)
 .bss.errno     0x10001270        0x4 C:/nxp/MCUXpressoIDE_11.10.0_3148/ide/plugins/com.nxp.mcuxpresso.tools.win32_11.10.0.202311280810/tools/bin/../lib/gcc/arm-none-eabi/13.2.1/../../../../arm-none-eabi/lib/thumb/v6-m/nofp\libcr_c.a(errno.o)
                0x10001270                errno
 .bss.__end_of_heap
                0x10001274        0x4 C:/nxp/MCUXpressoIDE_11.10.0_3148/ide/plugins/com.nxp.mcuxpresso.tools.win32_11.10.0.202311280810/tools/bin/../lib/gcc/arm-none-eabi/13.2.1/../../../../arm-none-eabi/lib/thumb/v6-m/nofp\libcr_c.a(__init_alloc.o)
                0x10001274                __end_of_heap
 .bss.__heaps   0x10001278        0x4 C:/nxp/MCUXpressoIDE_11.10.0_3148/ide/plugins/com.nxp.mcuxpresso.tools.win32_11.10.0.202311280810/tools/bin/../lib/gcc/arm-none-eabi/13.2.1/../../../../arm-none-eabi/lib/thumb/v6-m/nofp\libcr_c.a(__init_alloc.o)
                0x10001278                __heaps
 .bss.__Ciob    0x1000127c       0xb4 C:/nxp/MCUXpressoIDE_11.10.0_3148/ide/plugins/com.nxp.mcuxpresso.tools.win32_11.10.0.202311280810/tools/bin/../lib/gcc/arm-none-eabi/13.2.1/../../../../arm-none-eabi/lib/thumb/v6-m/nofp\libcr_semihost_nf.a(__ciob.o)
                0x1000127c                __Ciob
 *(SORT_BY_ALIGNMENT(COMMON))
                0x10001330                        . = ALIGN (0x4)
                0x10001330                        _ebss = .
                [!provide]                        PROVIDE (__end_bss_RAM = .)
                [!provide]                        PROVIDE (__end_bss_SRAM = .)
                [!provide]                        PROVIDE (end = .)

.noinit_RAM2    0x10003fe0        0x0
                [!provide]                        PROVIDE (__start_noinit_RAM2 = .)
                [!provide]                        PROVIDE (__start_noinit_IAP_SRAM = .)
 *(SORT_BY_ALIGNMENT(.noinit.$RAM2))
 *(SORT_BY_ALIGNMENT(.noinit.$IAP_SRAM))
 *(SORT_BY_ALIGNMENT(.noinit.$RAM2.*))
 *(SORT_BY_ALIGNMENT(.noinit.$IAP_SRAM.*))
                0x10003fe0                        . = ALIGN (0x4)
                [!provide]                        PROVIDE (__end_noinit_RAM2 = .)
                [!provide]                        PROVIDE (__end_noinit_IAP_SRAM = .)

.noinit         0x10001330        0x0
                0x10001330                        _noinit = .
                [!provide]                        PROVIDE (__start_noinit_RAM = .)
                [!provide]                        PROVIDE (__start_noinit_SRAM = .)
 *(SORT_BY_ALIGNMENT(.noinit*))
                0x10001330                        . = ALIGN (0x4)
                0x10001330                        _end_noinit = .
                [!provide]                        PROVIDE (__end_noinit_RAM = .)
                [!provide]                        PROVIDE (__end_noinit_SRAM = .)
                0x000003f8                        _HeapSize = 0x3f8

.heap           0x10001330      0x3f8
                0x10001330                        _pvHeapStart = .
                0x10001728                        . = (. + _HeapSize)
 *fill*         0x10001330      0x3f8 
                0x10001728                        . = ALIGN (0x4)
                0x10001728                        _pvHeapLimit = .
                0x000003f8                        _StackSize = 0x3f8

.heap2stackfill
                0x10001728      0x3f8
                0x10001b20                        . = (. + _StackSize)
 *fill*         0x10001728      0x3f8 

.stack          0x10003be8        0x0
                0x10003be8                        _vStackBase = .
                0x10003be8                        . = ALIGN (0x4)
                0x10003fe0                        _vStackTop = (. + _StackSize)
                0xefffafef                        PROVIDE (__valid_user_code_checksum = (0x0 - (((_vStackTop + (ResetISR + 0x1)) + (DEFINED (NMI_Handler)?NMI_Handler:M0_NMI_Handler + 0x1)) + (DEFINED (HardFault_Handler)?HardFault_Handler:M0_HardFault_Handler + 0x1))))
                0x00000000                        _image_start = LOADADDR (.text)
                0x00007c6c                        _image_end = (LOADADDR (.data) + SIZEOF (.data))
                0x00007c6c                        _image_size = (_image_end - _image_start)
OUTPUT(Proyecto_Integrador_Cabrera_Alvarez-Mollo.axf elf32-littlearm)
LOAD linker stubs

.debug_info     0x00000000    0x1a926
 .debug_info    0x00000000      0x12e ./utilities/fsl_assert.o
 .debug_info    0x0000012e      0x65b ./startup/startup_lpc845.o
 .debug_info    0x00000789     0x2f4f ./source/Proyecto_Integrador_Cabrera_Alvarez-Mollo.o
 .debug_info    0x000036d8       0x53 ./source/mtb.o
 .debug_info    0x0000372b       0x3c ./source/semihost_hardfault.o
 .debug_info    0x00003767     0x11e2 ./drivers/fsl_adc.o
 .debug_info    0x00004949     0x1330 ./drivers/fsl_clock.o
 .debug_info    0x00005c79      0x10d ./drivers/fsl_common_arm.o
 .debug_info    0x00005d86      0xe0d ./drivers/fsl_gpio.o
 .debug_info    0x00006b93     0x265e ./drivers/fsl_i2c.o
 .debug_info    0x000091f1      0x743 ./drivers/fsl_reset.o
 .debug_info    0x00009934     0x1cde ./drivers/fsl_sctimer.o
 .debug_info    0x0000b612      0x73b ./drivers/fsl_swm.o
 .debug_info    0x0000bd4d     0x1c2f ./drivers/fsl_usart.o
 .debug_info    0x0000d97c      0x6b7 ./device/system_LPC845.o
 .debug_info    0x0000e033      0x90a ./board/board.o
 .debug_info    0x0000e93d      0xaac ./board/clock_config.o
 .debug_info    0x0000f3e9     0x12d8 C:\Users\Martin\Desktop\Curso UTN Fabri\curso-lse\lpc845\ejemplos\freertos\Debug\libfreertos.a(queue.o)
 .debug_info    0x000106c1     0x1eb9 C:\Users\Martin\Desktop\Curso UTN Fabri\curso-lse\lpc845\ejemplos\freertos\Debug\libfreertos.a(tasks.o)
 .debug_info    0x0001257a      0x371 C:\Users\Martin\Desktop\Curso UTN Fabri\curso-lse\lpc845\ejemplos\freertos\Debug\libfreertos.a(heap_2.o)
 .debug_info    0x000128eb      0x2be C:\Users\Martin\Desktop\Curso UTN Fabri\curso-lse\lpc845\ejemplos\freertos\Debug\libfreertos.a(list.o)
 .debug_info    0x00012ba9      0x3a9 C:\Users\Martin\Desktop\Curso UTN Fabri\curso-lse\lpc845\ejemplos\freertos\Debug\libfreertos.a(port.o)
 .debug_info    0x00012f52       0x85 C:/nxp/MCUXpressoIDE_11.10.0_3148/ide/plugins/com.nxp.mcuxpresso.tools.win32_11.10.0.202311280810/tools/bin/../lib/gcc/arm-none-eabi/13.2.1/../../../../arm-none-eabi/lib/thumb/v6-m/nofp\libcr_semihost_nf.a(_cr__main.o)
 .debug_info    0x00012fd7      0x12b C:/nxp/MCUXpressoIDE_11.10.0_3148/ide/plugins/com.nxp.mcuxpresso.tools.win32_11.10.0.202311280810/tools/bin/../lib/gcc/arm-none-eabi/13.2.1/../../../../arm-none-eabi/lib/thumb/v6-m/nofp\libcr_c.a(memcpy.o)
 .debug_info    0x00013102       0xfc C:/nxp/MCUXpressoIDE_11.10.0_3148/ide/plugins/com.nxp.mcuxpresso.tools.win32_11.10.0.202311280810/tools/bin/../lib/gcc/arm-none-eabi/13.2.1/../../../../arm-none-eabi/lib/thumb/v6-m/nofp\libcr_c.a(memset.o)
 .debug_info    0x000131fe      0x526 C:/nxp/MCUXpressoIDE_11.10.0_3148/ide/plugins/com.nxp.mcuxpresso.tools.win32_11.10.0.202311280810/tools/bin/../lib/gcc/arm-none-eabi/13.2.1/../../../../arm-none-eabi/lib/thumb/v6-m/nofp\libcr_c.a(alloc.o)
 .debug_info    0x00013724       0x44 C:/nxp/MCUXpressoIDE_11.10.0_3148/ide/plugins/com.nxp.mcuxpresso.tools.win32_11.10.0.202311280810/tools/bin/../lib/gcc/arm-none-eabi/13.2.1/../../../../arm-none-eabi/lib/thumb/v6-m/nofp\libcr_c.a(errno.o)
 .debug_info    0x00013768      0x353 C:/nxp/MCUXpressoIDE_11.10.0_3148/ide/plugins/com.nxp.mcuxpresso.tools.win32_11.10.0.202311280810/tools/bin/../lib/gcc/arm-none-eabi/13.2.1/../../../../arm-none-eabi/lib/thumb/v6-m/nofp\libcr_c.a(initio.o)
 .debug_info    0x00013abb     0x12cc C:/nxp/MCUXpressoIDE_11.10.0_3148/ide/plugins/com.nxp.mcuxpresso.tools.win32_11.10.0.202311280810/tools/bin/../lib/gcc/arm-none-eabi/13.2.1/../../../../arm-none-eabi/lib/thumb/v6-m/nofp\libcr_c.a(printf.o)
 .debug_info    0x00014d87      0x1fd C:/nxp/MCUXpressoIDE_11.10.0_3148/ide/plugins/com.nxp.mcuxpresso.tools.win32_11.10.0.202311280810/tools/bin/../lib/gcc/arm-none-eabi/13.2.1/../../../../arm-none-eabi/lib/thumb/v6-m/nofp\libcr_c.a(setvbuf.o)
 .debug_info    0x00014f84       0xdd C:/nxp/MCUXpressoIDE_11.10.0_3148/ide/plugins/com.nxp.mcuxpresso.tools.win32_11.10.0.202311280810/tools/bin/../lib/gcc/arm-none-eabi/13.2.1/../../../../arm-none-eabi/lib/thumb/v6-m/nofp\libcr_c.a(strlen.o)
 .debug_info    0x00015061       0xd4 C:/nxp/MCUXpressoIDE_11.10.0_3148/ide/plugins/com.nxp.mcuxpresso.tools.win32_11.10.0.202311280810/tools/bin/../lib/gcc/arm-none-eabi/13.2.1/../../../../arm-none-eabi/lib/thumb/v6-m/nofp\libcr_c.a(__init_alloc.o)
 .debug_info    0x00015135      0x107 C:/nxp/MCUXpressoIDE_11.10.0_3148/ide/plugins/com.nxp.mcuxpresso.tools.win32_11.10.0.202311280810/tools/bin/../lib/gcc/arm-none-eabi/13.2.1/../../../../arm-none-eabi/lib/thumb/v6-m/nofp\libcr_c.a(_cr_sbrk.o)
 .debug_info    0x0001523c      0x364 C:/nxp/MCUXpressoIDE_11.10.0_3148/ide/plugins/com.nxp.mcuxpresso.tools.win32_11.10.0.202311280810/tools/bin/../lib/gcc/arm-none-eabi/13.2.1/../../../../arm-none-eabi/lib/thumb/v6-m/nofp\libcr_c.a(_deferredlazyseek.o)
 .debug_info    0x000155a0      0x24b C:/nxp/MCUXpressoIDE_11.10.0_3148/ide/plugins/com.nxp.mcuxpresso.tools.win32_11.10.0.202311280810/tools/bin/../lib/gcc/arm-none-eabi/13.2.1/../../../../arm-none-eabi/lib/thumb/v6-m/nofp\libcr_c.a(_fdopen.o)
 .debug_info    0x000157eb      0x1ea C:/nxp/MCUXpressoIDE_11.10.0_3148/ide/plugins/com.nxp.mcuxpresso.tools.win32_11.10.0.202311280810/tools/bin/../lib/gcc/arm-none-eabi/13.2.1/../../../../arm-none-eabi/lib/thumb/v6-m/nofp\libcr_c.a(_fflush.o)
 .debug_info    0x000159d5      0x28a C:/nxp/MCUXpressoIDE_11.10.0_3148/ide/plugins/com.nxp.mcuxpresso.tools.win32_11.10.0.202311280810/tools/bin/../lib/gcc/arm-none-eabi/13.2.1/../../../../arm-none-eabi/lib/thumb/v6-m/nofp\libcr_c.a(_writebuf.o)
 .debug_info    0x00015c5f      0x325 C:/nxp/MCUXpressoIDE_11.10.0_3148/ide/plugins/com.nxp.mcuxpresso.tools.win32_11.10.0.202311280810/tools/bin/../lib/gcc/arm-none-eabi/13.2.1/../../../../arm-none-eabi/lib/thumb/v6-m/nofp\libcr_c.a(fclose.o)
 .debug_info    0x00015f84      0x210 C:/nxp/MCUXpressoIDE_11.10.0_3148/ide/plugins/com.nxp.mcuxpresso.tools.win32_11.10.0.202311280810/tools/bin/../lib/gcc/arm-none-eabi/13.2.1/../../../../arm-none-eabi/lib/thumb/v6-m/nofp\libcr_c.a(fflush.o)
 .debug_info    0x00016194      0x27f C:/nxp/MCUXpressoIDE_11.10.0_3148/ide/plugins/com.nxp.mcuxpresso.tools.win32_11.10.0.202311280810/tools/bin/../lib/gcc/arm-none-eabi/13.2.1/../../../../arm-none-eabi/lib/thumb/v6-m/nofp\libcr_c.a(fseek.o)
 .debug_info    0x00016413      0x197 C:/nxp/MCUXpressoIDE_11.10.0_3148/ide/plugins/com.nxp.mcuxpresso.tools.win32_11.10.0.202311280810/tools/bin/../lib/gcc/arm-none-eabi/13.2.1/../../../../arm-none-eabi/lib/thumb/v6-m/nofp\libcr_c.a(ftell.o)
 .debug_info    0x000165aa      0x1d0 C:/nxp/MCUXpressoIDE_11.10.0_3148/ide/plugins/com.nxp.mcuxpresso.tools.win32_11.10.0.202311280810/tools/bin/../lib/gcc/arm-none-eabi/13.2.1/../../../../arm-none-eabi/lib/thumb/v6-m/nofp\libcr_c.a(remove.o)
 .debug_info    0x0001677a       0x71 C:/nxp/MCUXpressoIDE_11.10.0_3148/ide/plugins/com.nxp.mcuxpresso.tools.win32_11.10.0.202311280810/tools/bin/../lib/gcc/arm-none-eabi/13.2.1/../../../../arm-none-eabi/lib/thumb/v6-m/nofp\libcr_c.a(_cr_check_heap.o)
 .debug_info    0x000167eb      0x241 C:/nxp/MCUXpressoIDE_11.10.0_3148/ide/plugins/com.nxp.mcuxpresso.tools.win32_11.10.0.202311280810/tools/bin/../lib/gcc/arm-none-eabi/13.2.1/../../../../arm-none-eabi/lib/thumb/v6-m/nofp\libcr_c.a(_do_fflush.o)
 .debug_info    0x00016a2c     0x21fe C:/nxp/MCUXpressoIDE_11.10.0_3148/ide/plugins/com.nxp.mcuxpresso.tools.win32_11.10.0.202311280810/tools/bin/../lib/gcc/arm-none-eabi/13.2.1/thumb/v6-m/nofp\libcr_eabihelpers.a(double.o)
 .debug_info    0x00018c2a     0x1b71 C:/nxp/MCUXpressoIDE_11.10.0_3148/ide/plugins/com.nxp.mcuxpresso.tools.win32_11.10.0.202311280810/tools/bin/../lib/gcc/arm-none-eabi/13.2.1/thumb/v6-m/nofp\libcr_eabihelpers.a(float.o)
 .debug_info    0x0001a79b      0x18b C:/nxp/MCUXpressoIDE_11.10.0_3148/ide/plugins/com.nxp.mcuxpresso.tools.win32_11.10.0.202311280810/tools/bin/../lib/gcc/arm-none-eabi/13.2.1/../../../../arm-none-eabi/lib/thumb/v6-m/nofp\libcr_semihost_nf.a(__ciob.o)

.debug_abbrev   0x00000000     0x4c2c
 .debug_abbrev  0x00000000       0xbd ./utilities/fsl_assert.o
 .debug_abbrev  0x000000bd      0x1a5 ./startup/startup_lpc845.o
 .debug_abbrev  0x00000262      0x4a3 ./source/Proyecto_Integrador_Cabrera_Alvarez-Mollo.o
 .debug_abbrev  0x00000705       0x46 ./source/mtb.o
 .debug_abbrev  0x0000074b       0x31 ./source/semihost_hardfault.o
 .debug_abbrev  0x0000077c      0x29a ./drivers/fsl_adc.o
 .debug_abbrev  0x00000a16      0x301 ./drivers/fsl_clock.o
 .debug_abbrev  0x00000d17       0xba ./drivers/fsl_common_arm.o
 .debug_abbrev  0x00000dd1      0x1f7 ./drivers/fsl_gpio.o
 .debug_abbrev  0x00000fc8      0x3be ./drivers/fsl_i2c.o
 .debug_abbrev  0x00001386      0x16c ./drivers/fsl_reset.o
 .debug_abbrev  0x000014f2      0x3a4 ./drivers/fsl_sctimer.o
 .debug_abbrev  0x00001896      0x18d ./drivers/fsl_swm.o
 .debug_abbrev  0x00001a23      0x35a ./drivers/fsl_usart.o
 .debug_abbrev  0x00001d7d      0x143 ./device/system_LPC845.o
 .debug_abbrev  0x00001ec0      0x125 ./board/board.o
 .debug_abbrev  0x00001fe5      0x23a ./board/clock_config.o
 .debug_abbrev  0x0000221f      0x2bd C:\Users\Martin\Desktop\Curso UTN Fabri\curso-lse\lpc845\ejemplos\freertos\Debug\libfreertos.a(queue.o)
 .debug_abbrev  0x000024dc      0x2fe C:\Users\Martin\Desktop\Curso UTN Fabri\curso-lse\lpc845\ejemplos\freertos\Debug\libfreertos.a(tasks.o)
 .debug_abbrev  0x000027da      0x1e2 C:\Users\Martin\Desktop\Curso UTN Fabri\curso-lse\lpc845\ejemplos\freertos\Debug\libfreertos.a(heap_2.o)
 .debug_abbrev  0x000029bc       0xf2 C:\Users\Martin\Desktop\Curso UTN Fabri\curso-lse\lpc845\ejemplos\freertos\Debug\libfreertos.a(list.o)
 .debug_abbrev  0x00002aae      0x228 C:\Users\Martin\Desktop\Curso UTN Fabri\curso-lse\lpc845\ejemplos\freertos\Debug\libfreertos.a(port.o)
 .debug_abbrev  0x00002cd6       0x62 C:/nxp/MCUXpressoIDE_11.10.0_3148/ide/plugins/com.nxp.mcuxpresso.tools.win32_11.10.0.202311280810/tools/bin/../lib/gcc/arm-none-eabi/13.2.1/../../../../arm-none-eabi/lib/thumb/v6-m/nofp\libcr_semihost_nf.a(_cr__main.o)
 .debug_abbrev  0x00002d38       0xb3 C:/nxp/MCUXpressoIDE_11.10.0_3148/ide/plugins/com.nxp.mcuxpresso.tools.win32_11.10.0.202311280810/tools/bin/../lib/gcc/arm-none-eabi/13.2.1/../../../../arm-none-eabi/lib/thumb/v6-m/nofp\libcr_c.a(memcpy.o)
 .debug_abbrev  0x00002deb       0xa5 C:/nxp/MCUXpressoIDE_11.10.0_3148/ide/plugins/com.nxp.mcuxpresso.tools.win32_11.10.0.202311280810/tools/bin/../lib/gcc/arm-none-eabi/13.2.1/../../../../arm-none-eabi/lib/thumb/v6-m/nofp\libcr_c.a(memset.o)
 .debug_abbrev  0x00002e90      0x27b C:/nxp/MCUXpressoIDE_11.10.0_3148/ide/plugins/com.nxp.mcuxpresso.tools.win32_11.10.0.202311280810/tools/bin/../lib/gcc/arm-none-eabi/13.2.1/../../../../arm-none-eabi/lib/thumb/v6-m/nofp\libcr_c.a(alloc.o)
 .debug_abbrev  0x0000310b       0x44 C:/nxp/MCUXpressoIDE_11.10.0_3148/ide/plugins/com.nxp.mcuxpresso.tools.win32_11.10.0.202311280810/tools/bin/../lib/gcc/arm-none-eabi/13.2.1/../../../../arm-none-eabi/lib/thumb/v6-m/nofp\libcr_c.a(errno.o)
 .debug_abbrev  0x0000314f      0x14b C:/nxp/MCUXpressoIDE_11.10.0_3148/ide/plugins/com.nxp.mcuxpresso.tools.win32_11.10.0.202311280810/tools/bin/../lib/gcc/arm-none-eabi/13.2.1/../../../../arm-none-eabi/lib/thumb/v6-m/nofp\libcr_c.a(initio.o)
 .debug_abbrev  0x0000329a      0x3af C:/nxp/MCUXpressoIDE_11.10.0_3148/ide/plugins/com.nxp.mcuxpresso.tools.win32_11.10.0.202311280810/tools/bin/../lib/gcc/arm-none-eabi/13.2.1/../../../../arm-none-eabi/lib/thumb/v6-m/nofp\libcr_c.a(printf.o)
 .debug_abbrev  0x00003649       0xe1 C:/nxp/MCUXpressoIDE_11.10.0_3148/ide/plugins/com.nxp.mcuxpresso.tools.win32_11.10.0.202311280810/tools/bin/../lib/gcc/arm-none-eabi/13.2.1/../../../../arm-none-eabi/lib/thumb/v6-m/nofp\libcr_c.a(setvbuf.o)
 .debug_abbrev  0x0000372a       0xa5 C:/nxp/MCUXpressoIDE_11.10.0_3148/ide/plugins/com.nxp.mcuxpresso.tools.win32_11.10.0.202311280810/tools/bin/../lib/gcc/arm-none-eabi/13.2.1/../../../../arm-none-eabi/lib/thumb/v6-m/nofp\libcr_c.a(strlen.o)
 .debug_abbrev  0x000037cf       0xaf C:/nxp/MCUXpressoIDE_11.10.0_3148/ide/plugins/com.nxp.mcuxpresso.tools.win32_11.10.0.202311280810/tools/bin/../lib/gcc/arm-none-eabi/13.2.1/../../../../arm-none-eabi/lib/thumb/v6-m/nofp\libcr_c.a(__init_alloc.o)
 .debug_abbrev  0x0000387e       0xd3 C:/nxp/MCUXpressoIDE_11.10.0_3148/ide/plugins/com.nxp.mcuxpresso.tools.win32_11.10.0.202311280810/tools/bin/../lib/gcc/arm-none-eabi/13.2.1/../../../../arm-none-eabi/lib/thumb/v6-m/nofp\libcr_c.a(_cr_sbrk.o)
 .debug_abbrev  0x00003951      0x147 C:/nxp/MCUXpressoIDE_11.10.0_3148/ide/plugins/com.nxp.mcuxpresso.tools.win32_11.10.0.202311280810/tools/bin/../lib/gcc/arm-none-eabi/13.2.1/../../../../arm-none-eabi/lib/thumb/v6-m/nofp\libcr_c.a(_deferredlazyseek.o)
 .debug_abbrev  0x00003a98      0x119 C:/nxp/MCUXpressoIDE_11.10.0_3148/ide/plugins/com.nxp.mcuxpresso.tools.win32_11.10.0.202311280810/tools/bin/../lib/gcc/arm-none-eabi/13.2.1/../../../../arm-none-eabi/lib/thumb/v6-m/nofp\libcr_c.a(_fdopen.o)
 .debug_abbrev  0x00003bb1       0xf1 C:/nxp/MCUXpressoIDE_11.10.0_3148/ide/plugins/com.nxp.mcuxpresso.tools.win32_11.10.0.202311280810/tools/bin/../lib/gcc/arm-none-eabi/13.2.1/../../../../arm-none-eabi/lib/thumb/v6-m/nofp\libcr_c.a(_fflush.o)
 .debug_abbrev  0x00003ca2      0x126 C:/nxp/MCUXpressoIDE_11.10.0_3148/ide/plugins/com.nxp.mcuxpresso.tools.win32_11.10.0.202311280810/tools/bin/../lib/gcc/arm-none-eabi/13.2.1/../../../../arm-none-eabi/lib/thumb/v6-m/nofp\libcr_c.a(_writebuf.o)
 .debug_abbrev  0x00003dc8      0x158 C:/nxp/MCUXpressoIDE_11.10.0_3148/ide/plugins/com.nxp.mcuxpresso.tools.win32_11.10.0.202311280810/tools/bin/../lib/gcc/arm-none-eabi/13.2.1/../../../../arm-none-eabi/lib/thumb/v6-m/nofp\libcr_c.a(fclose.o)
 .debug_abbrev  0x00003f20      0x122 C:/nxp/MCUXpressoIDE_11.10.0_3148/ide/plugins/com.nxp.mcuxpresso.tools.win32_11.10.0.202311280810/tools/bin/../lib/gcc/arm-none-eabi/13.2.1/../../../../arm-none-eabi/lib/thumb/v6-m/nofp\libcr_c.a(fflush.o)
 .debug_abbrev  0x00004042      0x11b C:/nxp/MCUXpressoIDE_11.10.0_3148/ide/plugins/com.nxp.mcuxpresso.tools.win32_11.10.0.202311280810/tools/bin/../lib/gcc/arm-none-eabi/13.2.1/../../../../arm-none-eabi/lib/thumb/v6-m/nofp\libcr_c.a(fseek.o)
 .debug_abbrev  0x0000415d       0xc2 C:/nxp/MCUXpressoIDE_11.10.0_3148/ide/plugins/com.nxp.mcuxpresso.tools.win32_11.10.0.202311280810/tools/bin/../lib/gcc/arm-none-eabi/13.2.1/../../../../arm-none-eabi/lib/thumb/v6-m/nofp\libcr_c.a(ftell.o)
 .debug_abbrev  0x0000421f       0xed C:/nxp/MCUXpressoIDE_11.10.0_3148/ide/plugins/com.nxp.mcuxpresso.tools.win32_11.10.0.202311280810/tools/bin/../lib/gcc/arm-none-eabi/13.2.1/../../../../arm-none-eabi/lib/thumb/v6-m/nofp\libcr_c.a(remove.o)
 .debug_abbrev  0x0000430c       0x6b C:/nxp/MCUXpressoIDE_11.10.0_3148/ide/plugins/com.nxp.mcuxpresso.tools.win32_11.10.0.202311280810/tools/bin/../lib/gcc/arm-none-eabi/13.2.1/../../../../arm-none-eabi/lib/thumb/v6-m/nofp\libcr_c.a(_cr_check_heap.o)
 .debug_abbrev  0x00004377      0x12c C:/nxp/MCUXpressoIDE_11.10.0_3148/ide/plugins/com.nxp.mcuxpresso.tools.win32_11.10.0.202311280810/tools/bin/../lib/gcc/arm-none-eabi/13.2.1/../../../../arm-none-eabi/lib/thumb/v6-m/nofp\libcr_c.a(_do_fflush.o)
 .debug_abbrev  0x000044a3      0x37b C:/nxp/MCUXpressoIDE_11.10.0_3148/ide/plugins/com.nxp.mcuxpresso.tools.win32_11.10.0.202311280810/tools/bin/../lib/gcc/arm-none-eabi/13.2.1/thumb/v6-m/nofp\libcr_eabihelpers.a(double.o)
 .debug_abbrev  0x0000481e      0x359 C:/nxp/MCUXpressoIDE_11.10.0_3148/ide/plugins/com.nxp.mcuxpresso.tools.win32_11.10.0.202311280810/tools/bin/../lib/gcc/arm-none-eabi/13.2.1/thumb/v6-m/nofp\libcr_eabihelpers.a(float.o)
 .debug_abbrev  0x00004b77       0xb5 C:/nxp/MCUXpressoIDE_11.10.0_3148/ide/plugins/com.nxp.mcuxpresso.tools.win32_11.10.0.202311280810/tools/bin/../lib/gcc/arm-none-eabi/13.2.1/../../../../arm-none-eabi/lib/thumb/v6-m/nofp\libcr_semihost_nf.a(__ciob.o)

.debug_aranges  0x00000000     0x12b8
 .debug_aranges
                0x00000000       0x28 ./utilities/fsl_assert.o
 .debug_aranges
                0x00000028      0x160 ./startup/startup_lpc845.o
 .debug_aranges
                0x00000188      0x100 ./source/Proyecto_Integrador_Cabrera_Alvarez-Mollo.o
 .debug_aranges
                0x00000288       0x18 ./source/mtb.o
 .debug_aranges
                0x000002a0       0x20 ./source/semihost_hardfault.o
 .debug_aranges
                0x000002c0       0x80 ./drivers/fsl_adc.o
 .debug_aranges
                0x00000340      0x108 ./drivers/fsl_clock.o
 .debug_aranges
                0x00000448       0x28 ./drivers/fsl_common_arm.o
 .debug_aranges
                0x00000470       0x38 ./drivers/fsl_gpio.o
 .debug_aranges
                0x000004a8      0x1c0 ./drivers/fsl_i2c.o
 .debug_aranges
                0x00000668       0x30 ./drivers/fsl_reset.o
 .debug_aranges
                0x00000698       0xc8 ./drivers/fsl_sctimer.o
 .debug_aranges
                0x00000760       0x28 ./drivers/fsl_swm.o
 .debug_aranges
                0x00000788      0x128 ./drivers/fsl_usart.o
 .debug_aranges
                0x000008b0       0x30 ./device/system_LPC845.o
 .debug_aranges
                0x000008e0       0x20 ./board/board.o
 .debug_aranges
                0x00000900       0x60 ./board/clock_config.o
 .debug_aranges
                0x00000960      0x128 C:\Users\Martin\Desktop\Curso UTN Fabri\curso-lse\lpc845\ejemplos\freertos\Debug\libfreertos.a(queue.o)
 .debug_aranges
                0x00000a88      0x200 C:\Users\Martin\Desktop\Curso UTN Fabri\curso-lse\lpc845\ejemplos\freertos\Debug\libfreertos.a(tasks.o)
 .debug_aranges
                0x00000c88       0x48 C:\Users\Martin\Desktop\Curso UTN Fabri\curso-lse\lpc845\ejemplos\freertos\Debug\libfreertos.a(heap_2.o)
 .debug_aranges
                0x00000cd0       0x40 C:\Users\Martin\Desktop\Curso UTN Fabri\curso-lse\lpc845\ejemplos\freertos\Debug\libfreertos.a(list.o)
 .debug_aranges
                0x00000d10       0x90 C:\Users\Martin\Desktop\Curso UTN Fabri\curso-lse\lpc845\ejemplos\freertos\Debug\libfreertos.a(port.o)
 .debug_aranges
                0x00000da0       0x20 C:/nxp/MCUXpressoIDE_11.10.0_3148/ide/plugins/com.nxp.mcuxpresso.tools.win32_11.10.0.202311280810/tools/bin/../lib/gcc/arm-none-eabi/13.2.1/../../../../arm-none-eabi/lib/thumb/v6-m/nofp\libcr_semihost_nf.a(_cr__main.o)
 .debug_aranges
                0x00000dc0       0x20 C:/nxp/MCUXpressoIDE_11.10.0_3148/ide/plugins/com.nxp.mcuxpresso.tools.win32_11.10.0.202311280810/tools/bin/../lib/gcc/arm-none-eabi/13.2.1/../../../../arm-none-eabi/lib/thumb/v6-m/nofp\libcr_c.a(memcpy.o)
 .debug_aranges
                0x00000de0       0x20 C:/nxp/MCUXpressoIDE_11.10.0_3148/ide/plugins/com.nxp.mcuxpresso.tools.win32_11.10.0.202311280810/tools/bin/../lib/gcc/arm-none-eabi/13.2.1/../../../../arm-none-eabi/lib/thumb/v6-m/nofp\libcr_c.a(memset.o)
 .debug_aranges
                0x00000e00       0x40 C:/nxp/MCUXpressoIDE_11.10.0_3148/ide/plugins/com.nxp.mcuxpresso.tools.win32_11.10.0.202311280810/tools/bin/../lib/gcc/arm-none-eabi/13.2.1/../../../../arm-none-eabi/lib/thumb/v6-m/nofp\libcr_c.a(alloc.o)
 .debug_aranges
                0x00000e40       0x18 C:/nxp/MCUXpressoIDE_11.10.0_3148/ide/plugins/com.nxp.mcuxpresso.tools.win32_11.10.0.202311280810/tools/bin/../lib/gcc/arm-none-eabi/13.2.1/../../../../arm-none-eabi/lib/thumb/v6-m/nofp\libcr_c.a(errno.o)
 .debug_aranges
                0x00000e58       0x28 C:/nxp/MCUXpressoIDE_11.10.0_3148/ide/plugins/com.nxp.mcuxpresso.tools.win32_11.10.0.202311280810/tools/bin/../lib/gcc/arm-none-eabi/13.2.1/../../../../arm-none-eabi/lib/thumb/v6-m/nofp\libcr_c.a(initio.o)
 .debug_aranges
                0x00000e80       0x70 C:/nxp/MCUXpressoIDE_11.10.0_3148/ide/plugins/com.nxp.mcuxpresso.tools.win32_11.10.0.202311280810/tools/bin/../lib/gcc/arm-none-eabi/13.2.1/../../../../arm-none-eabi/lib/thumb/v6-m/nofp\libcr_c.a(printf.o)
 .debug_aranges
                0x00000ef0       0x20 C:/nxp/MCUXpressoIDE_11.10.0_3148/ide/plugins/com.nxp.mcuxpresso.tools.win32_11.10.0.202311280810/tools/bin/../lib/gcc/arm-none-eabi/13.2.1/../../../../arm-none-eabi/lib/thumb/v6-m/nofp\libcr_c.a(setvbuf.o)
 .debug_aranges
                0x00000f10       0x20 C:/nxp/MCUXpressoIDE_11.10.0_3148/ide/plugins/com.nxp.mcuxpresso.tools.win32_11.10.0.202311280810/tools/bin/../lib/gcc/arm-none-eabi/13.2.1/../../../../arm-none-eabi/lib/thumb/v6-m/nofp\libcr_c.a(strlen.o)
 .debug_aranges